 Source Engine

 Timestamp is 668c1d42 (Mon Jul  8 19:09:22 2024)

 Preferred load address is 0000000180000000

 Start         Length     Name                   Class
 0001:00000000 00002890H .text                   CODE
 0001:00002890 000023f0H .text$di                CODE
 0001:00004c80 00061bd0H .text$mn                CODE
 0001:00066850 00000040H .text$mn$00             CODE
 0001:00066890 00000be0H .text$mn$21             CODE
 0001:00067470 00000ed0H .text$x                 CODE
 0001:00068340 000008adH .text$yd                CODE
 0002:00000000 00000400H .idata$5                DATA
 0002:00000400 00000038H .00cfg                  DATA
 0002:00000438 00000008H .CRT$XCA                DATA
 0002:00000440 000000c0H .CRT$XCU                DATA
 0002:00000500 00000008H .CRT$XCZ                DATA
 0002:00000508 00000008H .CRT$XIA                DATA
 0002:00000510 00000028H .CRT$XIC                DATA
 0002:00000538 00000008H .CRT$XIZ                DATA
 0002:00000540 00000008H .CRT$XLA                DATA
 0002:00000548 00000008H .CRT$XLZ                DATA
 0002:00000550 00000008H .CRT$XPA                DATA
 0002:00000558 00000010H .CRT$XPX                DATA
 0002:00000568 00000008H .CRT$XPXA               DATA
 0002:00000570 00000008H .CRT$XPZ                DATA
 0002:00000578 00000008H .CRT$XTA                DATA
 0002:00000580 00000010H .CRT$XTZ                DATA
 0002:00000588 00000000H .gehcont$y              DATA
 0002:00000588 00000000H .gfids$y                DATA
 0002:00000590 00013ff0H .rdata                  DATA
 0002:00014580 00000180H .rdata$00               DATA
 0002:00014700 00000000H .rdata$CastGuardVftablesA DATA
 0002:00014700 00000000H .rdata$CastGuardVftablesC DATA
 0002:00014700 00000028H .rdata$T                DATA
 0002:00014728 00000404H .rdata$r                DATA
 0002:00014b2c 00000e28H .rdata$voltmd           DATA
 0002:00015954 00000074H .rdata$zzzdbg           DATA
 0002:000159c8 00000008H .rtc$IAA                DATA
 0002:000159d0 00000008H .rtc$IZZ                DATA
 0002:000159d8 00000008H .rtc$TAA                DATA
 0002:000159e0 00000008H .rtc$TZZ                DATA
 0002:000159e8 00000004H .tls                    DATA
 0002:000159ec 00000004H .tls$                   DATA
 0002:000159f0 00000008H .tls$ZZZ                DATA
 0002:000159f8 00005ec8H .xdata                  DATA
 0002:0001b8c0 00000244H .xdata$x                DATA
 0002:0001bb04 00000000H .edata                  DATA
 0002:0001bb04 00000050H .idata$2                DATA
 0002:0001bb54 00000014H .idata$3                DATA
 0002:0001bb68 00000400H .idata$4                DATA
 0002:0001bf68 00000904H .idata$6                DATA
 0003:00000000 00042ca0H .data                   DATA
 0003:00042ca0 00000120H .data$r                 DATA
 0003:00042dc0 00000020H .data$rs                DATA
 0003:00042de0 000015ccH .bss                    DATA
 0004:00000000 00004884H .pdata                  DATA
 0005:00000000 00000060H .rsrc$01                DATA
 0005:00000060 00000098H .rsrc$02                DATA

  Address         Publics by Value              Rva+Base               Lib:Object

 0000:00000000       __AbsoluteZero             0000000000000000     <absolute>
 0000:00000000       ___safe_se_handler_count   0000000000000000     <absolute>
 0000:00000000       ___safe_se_handler_table   0000000000000000     <absolute>
 0000:00000000       __arm64x_extra_rfe_table   0000000000000000     <absolute>
 0000:00000000       __arm64x_extra_rfe_table_size 0000000000000000     <absolute>
 0000:00000000       __arm64x_native_entrypoint 0000000000000000     <absolute>
 0000:00000000       __arm64x_redirection_metadata 0000000000000000     <absolute>
 0000:00000000       __arm64x_redirection_metadata_count 0000000000000000     <absolute>
 0000:00000000       __dynamic_value_reloc_table 0000000000000000     <absolute>
 0000:00000000       __enclave_config           0000000000000000     <absolute>
 0000:00000000       __guard_check_icall_a64n_fptr 0000000000000000     <absolute>
 0000:00000000       __guard_eh_cont_count      0000000000000000     <absolute>
 0000:00000000       __guard_eh_cont_table      0000000000000000     <absolute>
 0000:00000000       __guard_fids_count         0000000000000000     <absolute>
 0000:00000000       __guard_fids_table         0000000000000000     <absolute>
 0000:00000000       __guard_iat_count          0000000000000000     <absolute>
 0000:00000000       __guard_iat_table          0000000000000000     <absolute>
 0000:00000000       __guard_longjmp_count      0000000000000000     <absolute>
 0000:00000000       __guard_longjmp_table      0000000000000000     <absolute>
 0000:00000000       __hybrid_auxiliary_delayload_iat 0000000000000000     <absolute>
 0000:00000000       __hybrid_auxiliary_delayload_iat_copy 0000000000000000     <absolute>
 0000:00000000       __hybrid_auxiliary_iat     0000000000000000     <absolute>
 0000:00000000       __hybrid_auxiliary_iat_copy 0000000000000000     <absolute>
 0000:00000000       __hybrid_code_map          0000000000000000     <absolute>
 0000:00000000       __hybrid_code_map_count    0000000000000000     <absolute>
 0000:00000000       __hybrid_image_info_bitfield 0000000000000000     <absolute>
 0000:00000000       __x64_code_ranges_to_entry_points 0000000000000000     <absolute>
 0000:00000000       __x64_code_ranges_to_entry_points_count 0000000000000000     <absolute>
 0000:00000100       __guard_flags              0000000000000100     <absolute>
 0000:00000000       __ImageBase                0000000180000000     <linker-defined>
 0001:00000000       DetourCodeFromPointer      0000000180001000 f   detours:detours.obj
 0001:00000030       ?detour_skip_jmp@@YAPEAEPEAEPEAPEAX@Z 0000000180001030 f i detours:detours.obj
 0001:00000270       DetourTransactionBegin     0000000180001270 f   detours:detours.obj
 0001:00000340       DetourTransactionAbort     0000000180001340 f   detours:detours.obj
 0001:00000540       DetourTransactionCommit    0000000180001540 f   detours:detours.obj
 0001:00000550       DetourTransactionCommitEx  0000000180001550 f   detours:detours.obj
 0001:00000a40       ?detour_gen_jmp_immediate@@YAPEAEPEAE0@Z 0000000180001a40 f i detours:detours.obj
 0001:00000aa0       ?detour_gen_jmp_indirect@@YAPEAEPEAEPEAPEAE@Z 0000000180001aa0 f i detours:detours.obj
 0001:00000b20       ?detour_gen_brk@@YAPEAEPEAE0@Z 0000000180001b20 f i detours:detours.obj
 0001:00000d90       DetourUpdateThread         0000000180001d90 f   detours:detours.obj
 0001:00000e80       DetourAttach               0000000180001e80 f   detours:detours.obj
 0001:00000ec0       DetourAttachEx             0000000180001ec0 f   detours:detours.obj
 0001:000014b0       ?detour_does_code_end_function@@YAHPEAE@Z 00000001800024b0 f i detours:detours.obj
 0001:000015c0       ?detour_is_code_filler@@YAKPEAE@Z 00000001800025c0 f i detours:detours.obj
 0001:00001990       PtrToUlong                 0000000180002990 f i detours:detours.obj
 0001:00001c40       DetourCopyInstruction      0000000180002c40 f   detours:disasm.obj
 0001:00001cc0       ??0CDetourDis@@QEAA@PEAPEAEPEAJ@Z 0000000180002cc0 f   detours:disasm.obj
 0001:00001d80       ?CopyInstruction@CDetourDis@@QEAAPEAEPEAE0@Z 0000000180002d80 f   detours:disasm.obj
 0001:00001e00       ?CopyBytes@CDetourDis@@IEAAPEAEPEBUCOPYENTRY@1@PEAE1@Z 0000000180002e00 f   detours:disasm.obj
 0001:00002120       ?CopyBytesPrefix@CDetourDis@@IEAAPEAEPEBUCOPYENTRY@1@PEAE1@Z 0000000180003120 f   detours:disasm.obj
 0001:000021a0       ?CopyBytesRax@CDetourDis@@IEAAPEAEPEBUCOPYENTRY@1@PEAE1@Z 00000001800031a0 f   detours:disasm.obj
 0001:00002240       ?CopyBytesJump@CDetourDis@@IEAAPEAEPEBUCOPYENTRY@1@PEAE1@Z 0000000180003240 f   detours:disasm.obj
 0001:00002390       ?AdjustTarget@CDetourDis@@IEAAPEAEPEAE0JJJ@Z 0000000180003390 f   detours:disasm.obj
 0001:00002540       ?Invalid@CDetourDis@@IEAAPEAEPEBUCOPYENTRY@1@PEAE1@Z 0000000180003540 f   detours:disasm.obj
 0001:00002560       ?Copy0F@CDetourDis@@IEAAPEAEPEBUCOPYENTRY@1@PEAE1@Z 0000000180003560 f   detours:disasm.obj
 0001:000025e0       ?Copy66@CDetourDis@@IEAAPEAEPEBUCOPYENTRY@1@PEAE1@Z 00000001800035e0 f   detours:disasm.obj
 0001:00002630       ?Copy67@CDetourDis@@IEAAPEAEPEBUCOPYENTRY@1@PEAE1@Z 0000000180003630 f   detours:disasm.obj
 0001:00002680       ?CopyF6@CDetourDis@@IEAAPEAEPEBUCOPYENTRY@1@PEAE1@Z 0000000180003680 f   detours:disasm.obj
 0001:00002710       ?CopyF7@CDetourDis@@IEAAPEAEPEBUCOPYENTRY@1@PEAE1@Z 0000000180003710 f   detours:disasm.obj
 0001:000027a0       ?CopyFF@CDetourDis@@IEAAPEAEPEBUCOPYENTRY@1@PEAE1@Z 00000001800037a0 f   detours:disasm.obj
 0001:00004c80       ??0exception@std@@QEAA@AEBV01@@Z 0000000180005c80 f i Aimbot.obj
 0001:00004cc0       ?what@exception@std@@UEBAPEBDXZ 0000000180005cc0 f i Aimbot.obj
 0001:00004ce0       ??_Ebad_alloc@std@@UEAAPEAXI@Z 0000000180005ce0 f i * CIL library *:* CIL module *
 0001:00004ce0       ??_Ebad_array_new_length@std@@UEAAPEAXI@Z 0000000180005ce0 f i * CIL library *:* CIL module *
 0001:00004ce0       ??_Ebad_exception@std@@UEAAPEAXI@Z 0000000180005ce0 f i libvcruntime:frame.obj
 0001:00004ce0       ??_Eexception@std@@UEAAPEAXI@Z 0000000180005ce0 f i * CIL library *:* CIL module *
 0001:00004ce0       ??_Elength_error@std@@UEAAPEAXI@Z 0000000180005ce0 f i libcpmt:xthrow.obj
 0001:00004ce0       ??_Elogic_error@std@@UEAAPEAXI@Z 0000000180005ce0 f i libcpmt:xthrow.obj
 0001:00004ce0       ??_Eout_of_range@std@@UEAAPEAXI@Z 0000000180005ce0 f i libcpmt:xthrow.obj
 0001:00004ce0       ??_Gbad_alloc@std@@UEAAPEAXI@Z 0000000180005ce0 f i Aimbot.obj
 0001:00004ce0       ??_Gbad_array_new_length@std@@UEAAPEAXI@Z 0000000180005ce0 f i Aimbot.obj
 0001:00004ce0       ??_Gbad_exception@std@@UEAAPEAXI@Z 0000000180005ce0 f i libvcruntime:frame.obj
 0001:00004ce0       ??_Gexception@std@@UEAAPEAXI@Z 0000000180005ce0 f i Aimbot.obj
 0001:00004ce0       ??_Glength_error@std@@UEAAPEAXI@Z 0000000180005ce0 f i libcpmt:xthrow.obj
 0001:00004ce0       ??_Glogic_error@std@@UEAAPEAXI@Z 0000000180005ce0 f i libcpmt:xthrow.obj
 0001:00004ce0       ??_Gout_of_range@std@@UEAAPEAXI@Z 0000000180005ce0 f i libcpmt:xthrow.obj
 0001:00004d30       ??1bad_alloc@std@@UEAA@XZ  0000000180005d30 f i Aimbot.obj
 0001:00004d30       ??1bad_array_new_length@std@@UEAA@XZ 0000000180005d30 f i Aimbot.obj
 0001:00004d30       ??1bad_exception@std@@UEAA@XZ 0000000180005d30 f i libvcruntime:frame.obj
 0001:00004d30       ??1length_error@std@@UEAA@XZ 0000000180005d30 f i libcpmt:xthrow.obj
 0001:00004d30       ??1out_of_range@std@@UEAA@XZ 0000000180005d30 f i libcpmt:xthrow.obj
 0001:00004d50       ??0bad_array_new_length@std@@QEAA@XZ 0000000180005d50 f i Aimbot.obj
 0001:00004d80       ?_Throw_bad_array_new_length@std@@YAXXZ 0000000180005d80 f i Aimbot.obj
 0001:00004d80       ?__scrt_throw_std_bad_array_new_length@@YAXXZ 0000000180005d80 f i LIBCMT:throw_bad_alloc.obj
 0001:00004da0       ??0bad_array_new_length@std@@QEAA@AEBV01@@Z 0000000180005da0 f i Aimbot.obj
 0001:00004de0       ??0bad_alloc@std@@QEAA@AEBV01@@Z 0000000180005de0 f i Aimbot.obj
 0001:00004e20       ?_Xlen_string@std@@YAXXZ   0000000180005e20 f i Aimbot.obj
 0001:00004e40       ?InitializeModules@ModuleManager@@QEAAXXZ 0000000180005e40 f i Aimbot.obj
 0001:000050e0       ??0CEntity@@QEAA@XZ        00000001800060e0 f i Aimbot.obj
 0001:000051b0       ??1WeaponEntity@@QEAA@XZ   00000001800061b0 f i Aimbot.obj
 0001:00005210       ?WorldToScreen@ScreenProjection@@QEBAHAEBVVec3@@AEAVVec2@@@Z 0000000180006210 f i Aimbot.obj
 0001:00005350       ?CalculateAimbot@@YAXAEAVCEntity@@@Z 0000000180006350 f   Aimbot.obj
 0001:00005830       ??1?$list@KV?$allocator@K@std@@@std@@QEAA@XZ 0000000180006830 f i Aimbot.obj
 0001:00005890       ??0?$list@KV?$allocator@K@std@@@std@@QEAA@V?$initializer_list@K@1@@Z 0000000180006890 f i Aimbot.obj
 0001:000059c0       ??0?$list@KV?$allocator@K@std@@@std@@QEAA@AEBV01@@Z 00000001800069c0 f i Aimbot.obj
 0001:00005af0       ??1?$vector@UBoneJointPos@@V?$allocator@UBoneJointPos@@@std@@@std@@QEAA@XZ 0000000180006af0 f i Aimbot.obj
 0001:00005b70       ??1?$basic_string@DU?$char_traits@D@std@@V?$allocator@D@2@@std@@QEAA@XZ 0000000180006b70 f i Aimbot.obj
 0001:00005bd0       ?_Tidy@?$vector@V?$list@KV?$allocator@K@std@@@std@@V?$allocator@V?$list@KV?$allocator@K@std@@@std@@@2@@std@@AEAAXXZ 0000000180006bd0 f i Aimbot.obj
 0001:00005c40       ??$_Construct@$00PEBD@?$basic_string@DU?$char_traits@D@std@@V?$allocator@D@2@@std@@AEAAXQEBD_K@Z 0000000180006c40 f i Aimbot.obj
 0001:00005d50       ??$_Destroy_range@V?$allocator@V?$list@KV?$allocator@K@std@@@std@@@std@@@std@@YAXPEAV?$list@KV?$allocator@K@std@@@0@QEAV10@AEAV?$allocator@V?$list@KV?$allocator@K@std@@@std@@@0@@Z 0000000180006d50 f i Aimbot.obj
 0001:00005de0       ??1?$_List_node_insert_op2@V?$allocator@U?$_List_node@KPEAX@std@@@std@@@std@@QEAA@XZ 0000000180006de0 f i Aimbot.obj
 0001:00005e30       ??1?$_Tidy_guard@V?$vector@V?$list@KV?$allocator@K@std@@@std@@V?$allocator@V?$list@KV?$allocator@K@std@@@std@@@2@@std@@@std@@QEAA@XZ 0000000180006e30 f i Aimbot.obj
 0001:00005e40       ??1?$_Alloc_construct_ptr@V?$allocator@U?$_List_node@KPEAX@std@@@std@@@std@@QEAA@XZ 0000000180006e40 f i Aimbot.obj
 0001:00005e60       ??1?$_Uninitialized_backout_al@V?$allocator@V?$list@KV?$allocator@K@std@@@std@@@std@@@std@@QEAA@XZ 0000000180006e60 f i Aimbot.obj
 0001:00005e70       ?DrawBone@@YAXAEAVCEntity@@UImColor@@M@Z 0000000180006e70 f   ESP.obj
 0001:000062f0       ?DrawCustomBox@@YAXAEBUImVec2@@0AEBUImColor@@M@Z 00000001800072f0 f   ESP.obj
 0001:00006570       ?RenderESP@@YAHAEAVCEntity@@@Z 0000000180007570 f   ESP.obj
 0001:00006e30       ??$_Integral_to_string@DH@std@@YA?AV?$basic_string@DU?$char_traits@D@std@@V?$allocator@D@2@@0@H@Z 0000000180007e30 f i ESP.obj
 0001:00007010       ??$_Reallocate_grow_by@V<lambda_1>@?1??append@?$basic_string@DU?$char_traits@D@std@@V?$allocator@D@2@@std@@QEAAAEAV34@QEBD_K@Z@PEBD_K@?$basic_string@DU?$char_traits@D@std@@V?$allocator@D@2@@std@@AEAAAEAV01@_KV<lambda_1>@?1??append@01@QEAAAEAV01@QEBD0@Z@PEBD_K@Z 0000000180008010 f i ESP.obj
 0001:000071a0       ?now@steady_clock@chrono@std@@SA?AV?$time_point@Usteady_clock@chrono@std@@V?$duration@_JU?$ratio@$00$0DLJKMKAA@@std@@@23@@23@XZ 00000001800081a0 f i TriggerBot.obj
 0001:00007280       ?TriggerBot@@YAXXZ         0000000180008280 f   TriggerBot.obj
 0001:000075c0       ??$ReadMemoryInternal@_K@@YAH_KAEA_K0@Z 00000001800085c0 f i TriggerBot.obj
 0001:00007660       ??$ReadMemoryInternal@H@@YAH_KAEAH0@Z 0000000180008660 f i TriggerBot.obj
 0001:00007660       ??$ReadMemoryInternal@K@@YAH_KAEAK0@Z 0000000180008660 f i TriggerBot.obj
 0001:00007700       ?MenuESP@@YAXXZ            0000000180008700 f   d3d.obj
 0001:00008000       ?MenuAimBot@@YAXXZ         0000000180009000 f   d3d.obj
 0001:000083f0       ?RenderUI@@YAXXZ           00000001800093f0 f   d3d.obj
 0001:00008a40       ?InitiateImGui@@YAXXZ      0000000180009a40 f   d3d.obj
 0001:00008cb0       ?WndProc@@YA_JQEAUHWND__@@I_K_J@Z 0000000180009cb0 f   d3d.obj
 0001:00008d10       ?hkPresent@@YAJPEAUIDXGISwapChain@@II@Z 0000000180009d10 f   d3d.obj
 0001:00008f90       ?InitializeOffsets@@YAHXZ  0000000180009f90 f   Hooks.obj
 0001:00009a20       ?InitializeRender@@YAHXZ   000000018000aa20 f   Hooks.obj
 0001:00009eb0       ??3@YAXPEAXUImNewDummy@@0@Z 000000018000aeb0 f i imgui.obj
 0001:00009eb0       _guard_check_icall_nop     000000018000aeb0 f i LIBCMT:guard_support.obj
 0001:00009ec0       ??1ImDrawListSplitter@@QEAA@XZ 000000018000aec0 f i imgui.obj
 0001:00009f00       ??0ImDrawList@@QEAA@PEBUImDrawListSharedData@@@Z 000000018000af00 f i imgui.obj
 0001:0000a2e0       ??1ImDrawList@@QEAA@XZ     000000018000b2e0 f i imgui.obj
 0001:0000a400       ??1ImDrawData@@QEAA@XZ     000000018000b400 f i imgui.obj
 0001:0000a420       __local_stdio_printf_options 000000018000b420 f i imgui.obj
 0001:0000a430       __local_stdio_scanf_options 000000018000b430 f i imgui.obj
 0001:0000a440       sscanf                     000000018000b440 f i imgui.obj
 0001:0000a4a0       ?ClipWithFull@ImRect@@QEAAXAEBU1@@Z 000000018000b4a0 f i imgui.obj
 0001:0000a520       ??0ImGuiContext@@QEAA@PEAUImFontAtlas@@@Z 000000018000b520 f i imgui.obj
 0001:0000adc0       ??1ImGuiIO@@QEAA@XZ        000000018000bdc0 f i imgui.obj
 0001:0000adf0       ??1?$ImChunkStream@UImGuiWindowSettings@@@@QEAA@XZ 000000018000bdf0 f i imgui.obj
 0001:0000adf0       ??1ImGuiStorage@@QEAA@XZ   000000018000bdf0 f i imgui.obj
 0001:0000adf0       ??1ImGuiTextBuffer@@QEAA@XZ 000000018000bdf0 f i imgui.obj
 0001:0000ae20       ??1ImDrawDataBuilder@@QEAA@XZ 000000018000be20 f i imgui.obj
 0001:0000ae50       ??1ImGuiInputTextState@@QEAA@XZ 000000018000be50 f i imgui.obj
 0001:0000aed0       ??0ImGuiWindowTempData@@QEAA@XZ 000000018000bed0 f i imgui.obj
 0001:0000afe0       ?CalcFontSize@ImGuiWindow@@QEBAMXZ 000000018000bfe0 f i imgui.obj
 0001:0000b010       ?MenuBarRect@ImGuiWindow@@QEBA?AUImRect@@XZ 000000018000c010 f i imgui.obj
 0001:0000b0e0       ??3@YAXPEAX@Z              000000018000c0e0 f   LIBCMT:delete_scalar.obj
 0001:0000b0f0       ??0ImGuiStyle@@QEAA@XZ     000000018000c0f0 f   imgui.obj
 0001:0000b240       ??0ImGuiIO@@QEAA@XZ        000000018000c240 f   imgui.obj
 0001:0000b5e0       ?ImTriangleClosestPoint@@YA?AUImVec2@@AEBU1@000@Z 000000018000c5e0 f   imgui.obj
 0001:0000b890       ?ImFormatString@@YAHPEAD_KPEBDZZ 000000018000c890 f   imgui.obj
 0001:0000b910       ?ImHashStr@@YAIPEBD_KI@Z   000000018000c910 f   imgui.obj
 0001:0000b9c0       ?ImFileOpen@@YAPEAU_iobuf@@PEBD0@Z 000000018000c9c0 f   imgui.obj
 0001:0000bab0       ?ImFileLoadToMemory@@YAPEAXPEBD0PEA_KH@Z 000000018000cab0 f   imgui.obj
 0001:0000bbe0       ?ImTextCharFromUtf8@@YAHPEAIPEBD1@Z 000000018000cbe0 f   imgui.obj
 0001:0000bd80       ?ImTextStrFromUtf8@@YAHPEAGHPEBD1PEAPEBD@Z 000000018000cd80 f   imgui.obj
 0001:0000bfc0       ?ImTextCountCharsFromUtf8@@YAHPEBD0@Z 000000018000cfc0 f   imgui.obj
 0001:0000c230       ?ImTextStrToUtf8@@YAHPEADHPEBG1@Z 000000018000d230 f   imgui.obj
 0001:0000c370       ?ColorConvertFloat4ToU32@ImGui@@YAIAEBUImVec4@@@Z 000000018000d370 f   imgui.obj
 0001:0000c420       ?ColorConvertRGBtoHSV@ImGui@@YAXMMMAEAM00@Z 000000018000d420 f   imgui.obj
 0001:0000c4d0       ?ColorConvertHSVtoRGB@ImGui@@YAXMMMAEAM00@Z 000000018000d4d0 f   imgui.obj
 0001:0000c690       ?appendf@ImGuiTextBuffer@@QEAAXPEBDZZ 000000018000d690 f   imgui.obj
 0001:0000c6c0       ?appendfv@ImGuiTextBuffer@@QEAAXPEBDPEAD@Z 000000018000d6c0 f   imgui.obj
 0001:0000c7f0       ?RenderText@ImGui@@YAXUImVec2@@PEBD1_N@Z 000000018000d7f0 f   imgui.obj
 0001:0000c9a0       ?RenderTextClippedEx@ImGui@@YAXPEAUImDrawList@@AEBUImVec2@@1PEBD2PEBU3@1PEBUImRect@@@Z 000000018000d9a0 f   imgui.obj
 0001:0000ccd0       ?RenderTextClipped@ImGui@@YAXAEBUImVec2@@0PEBD1PEBU2@0PEBUImRect@@@Z 000000018000dcd0 f   imgui.obj
 0001:0000cda0       ?RenderFrame@ImGui@@YAXUImVec2@@0I_NM@Z 000000018000dda0 f   imgui.obj
 0001:0000cf50       ?RenderFrameBorder@ImGui@@YAXUImVec2@@0M@Z 000000018000df50 f   imgui.obj
 0001:0000d0b0       ?RenderArrow@ImGui@@YAXPEAUImDrawList@@UImVec2@@IHM@Z 000000018000e0b0 f   imgui.obj
 0001:0000d270       ?RenderCheckMark@ImGui@@YAXUImVec2@@IM@Z 000000018000e270 f   imgui.obj
 0001:0000d4c0       ?RenderNavHighlight@ImGui@@YAXAEBUImRect@@IH@Z 000000018000e4c0 f   imgui.obj
 0001:0000d7c0       ??0ImGuiWindow@@QEAA@PEAUImGuiContext@@PEBD@Z 000000018000e7c0 f   imgui.obj
 0001:0000dc80       ??1ImGuiWindowTempData@@QEAA@XZ 000000018000ec80 f i imgui.obj
 0001:0000dd50       ?GetID@ImGuiWindow@@QEAAIPEBD0@Z 000000018000ed50 f   imgui.obj
 0001:0000dda0       ?GetID@ImGuiWindow@@QEAAIH@Z 000000018000eda0 f   imgui.obj
 0001:0000de50       ?GetIDFromRectangle@ImGuiWindow@@QEAAIAEBUImRect@@@Z 000000018000ee50 f   imgui.obj
 0001:0000e060       ?GcCompactTransientWindowBuffers@ImGui@@YAXPEAUImGuiWindow@@@Z 000000018000f060 f   imgui.obj
 0001:0000e1d0       ?SetActiveID@ImGui@@YAXIPEAUImGuiWindow@@@Z 000000018000f1d0 f   imgui.obj
 0001:0000e2a0       ?SetFocusID@ImGui@@YAXIPEAUImGuiWindow@@@Z 000000018000f2a0 f   imgui.obj
 0001:0000e370       ?ClearActiveID@ImGui@@YAXXZ 000000018000f370 f   imgui.obj
 0001:0000e420       ?ItemSize@ImGui@@YAXAEBUImVec2@@M@Z 000000018000f420 f   imgui.obj
 0001:0000e560       ?ItemAdd@ImGui@@YA_NAEBUImRect@@IPEBU2@@Z 000000018000f560 f   imgui.obj
 0001:0000e690       ?IsItemHovered@ImGui@@YA_NH@Z 000000018000f690 f   imgui.obj
 0001:0000e780       ?ItemHoverable@ImGui@@YA_NAEBUImRect@@I@Z 000000018000f780 f   imgui.obj
 0001:0000e8c0       ?FocusableItemRegister@ImGui@@YA_NPEAUImGuiWindow@@I@Z 000000018000f8c0 f   imgui.obj
 0001:0000e9b0       ?StartMouseMovingWindow@ImGui@@YAXPEAUImGuiWindow@@@Z 000000018000f9b0 f   imgui.obj
 0001:0000ea40       ?UpdateMouseMovingWindowEndFrame@ImGui@@YAXXZ 000000018000fa40 f   imgui.obj
 0001:0000f3b0       ?UpdateHoveredWindowAndCaptureFlags@ImGui@@YAXXZ 00000001800103b0 f   imgui.obj
 0001:0000f810       ?NewFrame@ImGui@@YAXXZ     0000000180010810 f   imgui.obj
 0001:00010390       ?Initialize@ImGui@@YAXPEAUImGuiContext@@@Z 0000000180011390 f   imgui.obj
 0001:00010780       ?PushClipRect@ImGui@@YAXAEBUImVec2@@0_N@Z 0000000180011780 f   imgui.obj
 0001:00010810       ?PopClipRect@ImGui@@YAXXZ  0000000180011810 f   imgui.obj
 0001:00010890       ?EndFrame@ImGui@@YAXXZ     0000000180011890 f   imgui.obj
 0001:00010b80       ?Render@ImGui@@YAXXZ       0000000180011b80 f   imgui.obj
 0001:00010f60       ?IsMouseHoveringRect@ImGui@@YA_NAEBUImVec2@@0_N@Z 0000000180011f60 f   imgui.obj
 0001:00011030       ?CalcTypematicRepeatAmount@ImGui@@YAHMMMM@Z 0000000180012030 f   imgui.obj
 0001:00011090       ?IsKeyPressed@ImGui@@YA_NH_N@Z 0000000180012090 f   imgui.obj
 0001:00011150       ?IsMouseClicked@ImGui@@YA_NH_N@Z 0000000180012150 f   imgui.obj
 0001:000111c0       ?IsMouseDragging@ImGui@@YA_NHM@Z 00000001800121c0 f   imgui.obj
 0001:00011200       ?IsItemVisible@ImGui@@YA_NXZ 0000000180012200 f   imgui.obj
 0001:000114c0       ?EndChild@ImGui@@YAXXZ     00000001800124c0 f   imgui.obj
 0001:00011730       ?BeginChildFrame@ImGui@@YA_NIAEBUImVec2@@H@Z 0000000180012730 f   imgui.obj
 0001:00011990       ?FindWindowByName@ImGui@@YAPEAUImGuiWindow@@PEBD@Z 0000000180012990 f   imgui.obj
 0001:000140b0       ?Begin@ImGui@@YA_NPEBDPEA_NH@Z 00000001800150b0 f   imgui.obj
 0001:000162f0       ?End@ImGui@@YAXXZ          00000001800172f0 f   imgui.obj
 0001:000163e0       ?FocusWindow@ImGui@@YAXPEAUImGuiWindow@@@Z 00000001800173e0 f   imgui.obj
 0001:000165c0       ?FocusTopMostWindowUnderOne@ImGui@@YAXPEAUImGuiWindow@@0@Z 00000001800175c0 f   imgui.obj
 0001:00016680       ?PushItemWidth@ImGui@@YAXM@Z 0000000180017680 f   imgui.obj
 0001:00016720       ?PopItemWidth@ImGui@@YAXXZ 0000000180017720 f   imgui.obj
 0001:00016780       ?CalcItemWidth@ImGui@@YAMXZ 0000000180017780 f   imgui.obj
 0001:000167f0       ?CalcItemSize@ImGui@@YA?AUImVec2@@U2@MM@Z 00000001800177f0 f   imgui.obj
 0001:00016900       ?SetCurrentFont@ImGui@@YAXPEAUImFont@@@Z 0000000180017900 f   imgui.obj
 0001:00016990       ?PopFont@ImGui@@YAXXZ      0000000180017990 f   imgui.obj
 0001:00016a10       ?PushItemFlag@ImGui@@YAXH_N@Z 0000000180017a10 f   imgui.obj
 0001:00016aa0       ?PushStyleVar@ImGui@@YAXHM@Z 0000000180017aa0 f   imgui.obj
 0001:00016b20       ?PushStyleVar@ImGui@@YAXHAEBUImVec2@@@Z 0000000180017b20 f   imgui.obj
 0001:00016b80       ?PopStyleVar@ImGui@@YAXH@Z 0000000180017b80 f   imgui.obj
 0001:00016db0       ?SetWindowPos@ImGui@@YAXPEAUImGuiWindow@@AEBUImVec2@@H@Z 0000000180017db0 f   imgui.obj
 0001:00016e80       ?SetWindowSize@ImGui@@YAXPEAUImGuiWindow@@AEBUImVec2@@H@Z 0000000180017e80 f   imgui.obj
 0001:00016f00       ?SetItemDefaultFocus@ImGui@@YAXXZ 0000000180017f00 f   imgui.obj
 0001:00017000       ?PushID@ImGui@@YAXPEBD@Z   0000000180018000 f   imgui.obj
 0001:00017090       ?PushID@ImGui@@YAXPEBX@Z   0000000180018090 f   imgui.obj
 0001:000171d0       ?PushID@ImGui@@YAXH@Z      00000001800181d0 f   imgui.obj
 0001:000172b0       ?BeginGroup@ImGui@@YAXXZ   00000001800182b0 f   imgui.obj
 0001:000173d0       ?EndGroup@ImGui@@YAXXZ     00000001800183d0 f   imgui.obj
 0001:000176f0       ?SameLine@ImGui@@YAXMM@Z   00000001800186f0 f   imgui.obj
 0001:00017990       ?ScrollToBringRectIntoView@ImGui@@YA?AUImVec2@@PEAUImGuiWindow@@AEBUImRect@@@Z 0000000180018990 f   imgui.obj
 0001:00017b80       ?SetScrollFromPosY@ImGui@@YAXPEAUImGuiWindow@@MM@Z 0000000180018b80 f   imgui.obj
 0001:00017c40       ?SetScrollHereY@ImGui@@YAXM@Z 0000000180018c40 f   imgui.obj
 0001:00017c90       ?BeginTooltip@ImGui@@YAXXZ 0000000180018c90 f   imgui.obj
 0001:00017d90       ?BeginTooltipEx@ImGui@@YAXH_N@Z 0000000180018d90 f   imgui.obj
 0001:00017e50       ?SetTooltip@ImGui@@YAXPEBDZZ 0000000180018e50 f   imgui.obj
 0001:00017eb0       ?GetTopMostPopupModal@ImGui@@YAPEAUImGuiWindow@@XZ 0000000180018eb0 f   imgui.obj
 0001:00017f10       ?OpenPopupEx@ImGui@@YAXI@Z 0000000180018f10 f   imgui.obj
 0001:000180e0       ?ClosePopupsOverWindow@ImGui@@YAXPEAUImGuiWindow@@_N@Z 00000001800190e0 f   imgui.obj
 0001:000181d0       ?ClosePopupToLevel@ImGui@@YAXH_N@Z 00000001800191d0 f   imgui.obj
 0001:000182b0       ?CloseCurrentPopup@ImGui@@YAXXZ 00000001800192b0 f   imgui.obj
 0001:00018370       ?BeginPopupEx@ImGui@@YA_NIH@Z 0000000180019370 f   imgui.obj
 0001:00018430       ?BeginPopup@ImGui@@YA_NPEBDH@Z 0000000180019430 f   imgui.obj
 0001:000184b0       ?EndPopup@ImGui@@YAXXZ     00000001800194b0 f   imgui.obj
 0001:00018660       ?OpenPopupOnItemClick@ImGui@@YA_NPEBDH@Z 0000000180019660 f   imgui.obj
 0001:00018760       ?FindBestWindowPosForPopupEx@ImGui@@YA?AUImVec2@@AEBU2@0PEAHAEBUImRect@@2W4ImGuiPopupPositionPolicy@@@Z 0000000180019760 f   imgui.obj
 0001:00018aa0       ?GetWindowAllowedExtentRect@ImGui@@YA?AUImRect@@PEAUImGuiWindow@@@Z 0000000180019aa0 f   imgui.obj
 0001:00018b50       ?FindBestWindowPosForPopup@ImGui@@YA?AUImVec2@@PEAUImGuiWindow@@@Z 0000000180019b50 f   imgui.obj
 0001:00019760       ?NavInitWindow@ImGui@@YAXPEAUImGuiWindow@@_N@Z 000000018001a760 f   imgui.obj
 0001:00019910       ?GetNavInputAmount@ImGui@@YAMHW4ImGuiInputReadMode@@@Z 000000018001a910 f   imgui.obj
 0001:00019a30       ?GetNavInputAmount2d@ImGui@@YA?AUImVec2@@HW4ImGuiInputReadMode@@MM@Z 000000018001aa30 f   imgui.obj
 0001:0001c0a0       ?ClearDragDrop@ImGui@@YAXXZ 000000018001d0a0 f   imgui.obj
 0001:0001c160       ?BeginDragDropSource@ImGui@@YA_NH@Z 000000018001d160 f   imgui.obj
 0001:0001c280       ?EndDragDropSource@ImGui@@YAXXZ 000000018001d280 f   imgui.obj
 0001:0001c2c0       ?BeginDragDropTarget@ImGui@@YA_NXZ 000000018001d2c0 f   imgui.obj
 0001:0001c370       ?AcceptDragDropPayload@ImGui@@YAPEBUImGuiPayload@@PEBDH@Z 000000018001d370 f   imgui.obj
 0001:0001c5e0       ?LogText@ImGui@@YAXPEBDZZ  000000018001d5e0 f   imgui.obj
 0001:0001c6e0       ?LogRenderedText@ImGui@@YAXPEBUImVec2@@PEBD1@Z 000000018001d6e0 f   imgui.obj
 0001:0001c860       ?LogFinish@ImGui@@YAXXZ    000000018001d860 f   imgui.obj
 0001:0001c950       ?CreateNewWindowSettings@ImGui@@YAPEAUImGuiWindowSettings@@PEBD@Z 000000018001d950 f   imgui.obj
 0001:0001ca40       ?LoadIniSettingsFromMemory@ImGui@@YAXPEBD_K@Z 000000018001da40 f   imgui.obj
 0001:0001cca0       ?SaveIniSettingsToDisk@ImGui@@YAXPEBD@Z 000000018001dca0 f   imgui.obj
 0001:0001d580       ??1?$ImVector@D@@QEAA@XZ   000000018001e580 f i imgui.obj
 0001:0001d580       ??1?$ImVector@E@@QEAA@XZ   000000018001e580 f i imgui.obj
 0001:0001d580       ??1?$ImVector@G@@QEAA@XZ   000000018001e580 f i imgui.obj
 0001:0001d580       ??1?$ImVector@I@@QEAA@XZ   000000018001e580 f i imgui.obj
 0001:0001d580       ??1?$ImVector@PEAUImDrawList@@@@QEAA@XZ 000000018001e580 f i imgui.obj
 0001:0001d580       ??1?$ImVector@PEAUImFont@@@@QEAA@XZ 000000018001e580 f i imgui.obj
 0001:0001d580       ??1?$ImVector@PEAUImGuiWindow@@@@QEAA@XZ 000000018001e580 f i imgui.obj
 0001:0001d580       ??1?$ImVector@PEAX@@QEAA@XZ 000000018001e580 f i imgui.obj
 0001:0001d580       ??1?$ImVector@UImDrawCmd@@@@QEAA@XZ 000000018001e580 f i imgui.obj
 0001:0001d580       ??1?$ImVector@UImDrawVert@@@@QEAA@XZ 000000018001e580 f i imgui.obj
 0001:0001d580       ??1?$ImVector@UImFontBuildDstData@@@@QEAA@XZ 000000018001e580 f i imgui_draw.obj
 0001:0001d580       ??1?$ImVector@UImFontBuildSrcData@@@@QEAA@XZ 000000018001e580 f i imgui_draw.obj
 0001:0001d580       ??1?$ImVector@UImGuiColorMod@@@@QEAA@XZ 000000018001e580 f i imgui.obj
 0001:0001d580       ??1?$ImVector@UImGuiColumns@@@@QEAA@XZ 000000018001e580 f i imgui.obj
 0001:0001d580       ??1?$ImVector@UImGuiPopupData@@@@QEAA@XZ 000000018001e580 f i imgui.obj
 0001:0001d580       ??1?$ImVector@UImGuiPtrOrIndex@@@@QEAA@XZ 000000018001e580 f i imgui.obj
 0001:0001d580       ??1?$ImVector@UImGuiSettingsHandler@@@@QEAA@XZ 000000018001e580 f i imgui.obj
 0001:0001d580       ??1?$ImVector@UImGuiShrinkWidthItem@@@@QEAA@XZ 000000018001e580 f i imgui.obj
 0001:0001d580       ??1?$ImVector@UImGuiStyleMod@@@@QEAA@XZ 000000018001e580 f i imgui.obj
 0001:0001d580       ??1?$ImVector@UImVec2@@@@QEAA@XZ 000000018001e580 f i imgui.obj
 0001:0001d580       ??1?$ImVector@UImVec4@@@@QEAA@XZ 000000018001e580 f i imgui.obj
 0001:0001d580       ??1?$ImVector@Ustbrp_rect@@@@QEAA@XZ 000000018001e580 f i imgui_draw.obj
 0001:0001d580       ??1?$ImVector@Ustbtt_packedchar@@@@QEAA@XZ 000000018001e580 f i imgui_draw.obj
 0001:0001d5b0       ?resize@?$ImVector@UImGuiGroupData@@@@QEAAXH@Z 000000018001e5b0 f i imgui.obj
 0001:0001d690       ?Clear@?$ImPool@UImGuiTabBar@@@@QEAAXXZ 000000018001e690 f i imgui.obj
 0001:0001d7b0       ??1?$ImPool@UImGuiTabBar@@@@QEAA@XZ 000000018001e7b0 f i imgui.obj
 0001:0001d810       ?resize@?$ImVector@E@@QEAAXH@Z 000000018001e810 f i imgui.obj
 0001:0001d8f0       ?push_back@?$ImVector@UImGuiPopupData@@@@QEAAXAEBUImGuiPopupData@@@Z 000000018001e8f0 f i imgui.obj
 0001:0001d970       ?push_back@?$ImVector@UImGuiStyleMod@@@@QEAAXAEBUImGuiStyleMod@@@Z 000000018001e970 f i imgui.obj
 0001:0001da60       ?push_back@?$ImVector@UImGuiColorMod@@@@QEAAXAEBUImGuiColorMod@@@Z 000000018001ea60 f i imgui.obj
 0001:0001db50       ?reserve@?$ImVector@PEAUImDrawList@@@@QEAAXH@Z 000000018001eb50 f i imgui.obj
 0001:0001db50       ?reserve@?$ImVector@PEAUImGuiWindow@@@@QEAAXH@Z 000000018001eb50 f i imgui.obj
 0001:0001db50       ?reserve@?$ImVector@PEAX@@QEAAXH@Z 000000018001eb50 f i imgui_draw.obj
 0001:0001db50       ?reserve@?$ImVector@UImVec2@@@@QEAAXH@Z 000000018001eb50 f i imgui.obj
 0001:0001dbe0       ??0?$ImVector@PEAUImDrawList@@@@QEAA@XZ 000000018001ebe0 f i imgui.obj
 0001:0001dbf0       ?push_back@?$ImVector@H@@QEAAXAEBH@Z 000000018001ebf0 f i imgui.obj
 0001:0001dc50       ?push_back@?$ImVector@PEAUImFont@@@@QEAAXAEBQEAUImFont@@@Z 000000018001ec50 f i imgui.obj
 0001:0001dd20       ?reserve@?$ImVector@UImDrawVert@@@@QEAAXH@Z 000000018001ed20 f i imgui.obj
 0001:0001ddb0       ?insert@?$ImVector@UImGuiStoragePair@ImGuiStorage@@@@QEAAPEAUImGuiStoragePair@ImGuiStorage@@PEBU23@AEBU23@@Z 000000018001edb0 f i imgui.obj
 0001:0001dee0       ?reserve@?$ImVector@D@@QEAAXH@Z 000000018001eee0 f i imgui.obj
 0001:0001df70       ?resize@?$ImVector@D@@QEAAXH@Z 000000018001ef70 f i imgui.obj
 0001:0001dfc0       ?reserve@?$ImVector@G@@QEAAXH@Z 000000018001efc0 f i imgui.obj
 0001:0001e050       ?resize@?$ImVector@G@@QEAAXH@Z 000000018001f050 f i imgui.obj
 0001:0001e0a0       ?reserve@?$ImVector@UImGuiPopupData@@@@QEAAXH@Z 000000018001f0a0 f i imgui.obj
 0001:0001e130       ?reserve@?$ImVector@H@@QEAAXH@Z 000000018001f130 f i imgui.obj
 0001:0001e130       ?reserve@?$ImVector@I@@QEAAXH@Z 000000018001f130 f i imgui.obj
 0001:0001e130       ?reserve@?$ImVector@M@@QEAAXH@Z 000000018001f130 f i imgui.obj
 0001:00024a40       ?StyleColorsDark@ImGui@@YAXPEAUImGuiStyle@@@Z 0000000180025a40 f   imgui_draw.obj
 0001:00024f30       ?Clear@ImDrawList@@QEAAXXZ 0000000180025f30 f   imgui_draw.obj
 0001:00025060       ?ClearFreeMemory@ImDrawList@@QEAAXXZ 0000000180026060 f   imgui_draw.obj
 0001:00025190       ?AddDrawCmd@ImDrawList@@QEAAXXZ 0000000180026190 f   imgui_draw.obj
 0001:00025270       ?UpdateClipRect@ImDrawList@@QEAAXXZ 0000000180026270 f   imgui_draw.obj
 0001:00025340       ?UpdateTextureID@ImDrawList@@QEAAXXZ 0000000180026340 f   imgui_draw.obj
 0001:00025400       ?PushClipRect@ImDrawList@@QEAAXUImVec2@@0_N@Z 0000000180026400 f   imgui_draw.obj
 0001:00025510       ?PushClipRectFullScreen@ImDrawList@@QEAAXXZ 0000000180026510 f   imgui_draw.obj
 0001:000255b0       ?PushTextureID@ImDrawList@@QEAAXPEAX@Z 00000001800265b0 f   imgui_draw.obj
 0001:00025630       ?PrimReserve@ImDrawList@@QEAAXHH@Z 0000000180026630 f   imgui_draw.obj
 0001:00025730       ?AddPolyline@ImDrawList@@QEAAXPEBUImVec2@@HI_NM@Z 0000000180026730 f   imgui_draw.obj
 0001:00026580       ?AddConvexPolyFilled@ImDrawList@@QEAAXPEBUImVec2@@HI@Z 0000000180027580 f   imgui_draw.obj
 0001:00026be0       ?PathArcToFast@ImDrawList@@QEAAXAEBUImVec2@@MHH@Z 0000000180027be0 f   imgui_draw.obj
 0001:00026d60       ?PathArcTo@ImDrawList@@QEAAXAEBUImVec2@@MMMH@Z 0000000180027d60 f   imgui_draw.obj
 0001:00026f20       ?PathRect@ImDrawList@@QEAAXAEBUImVec2@@0MH@Z 0000000180027f20 f   imgui_draw.obj
 0001:000272f0       ?AddLine@ImDrawList@@QEAAXAEBUImVec2@@0IM@Z 00000001800282f0 f   imgui_draw.obj
 0001:00027450       ?AddRect@ImDrawList@@QEAAXAEBUImVec2@@0IMHM@Z 0000000180028450 f   imgui_draw.obj
 0001:00027560       ?AddRectFilled@ImDrawList@@QEAAXAEBUImVec2@@0IMH@Z 0000000180028560 f   imgui_draw.obj
 0001:00027700       ?AddRectFilledMultiColor@ImDrawList@@QEAAXAEBUImVec2@@0IIII@Z 0000000180028700 f   imgui_draw.obj
 0001:000278e0       ?AddTriangleFilled@ImDrawList@@QEAAXAEBUImVec2@@00I@Z 00000001800288e0 f   imgui_draw.obj
 0001:00027a20       ?AddCircle@ImDrawList@@QEAAXAEBUImVec2@@MIHM@Z 0000000180028a20 f   imgui_draw.obj
 0001:00027ac0       ?AddText@ImDrawList@@QEAAXAEBUImVec2@@IPEBD1@Z 0000000180028ac0 f   imgui_draw.obj
 0001:00027b50       ?ClearFreeMemory@ImDrawListSplitter@@QEAAXXZ 0000000180028b50 f   imgui_draw.obj
 0001:00027c50       ?Merge@ImDrawListSplitter@@QEAAXPEAUImDrawList@@@Z 0000000180028c50 f   imgui_draw.obj
 0001:00027fb0       ?ShadeVertsLinearColorGradientKeepAlpha@ImGui@@YAXPEAUImDrawList@@HHUImVec2@@1II@Z 0000000180028fb0 f   imgui_draw.obj
 0001:00028470       ?GetTexDataAsRGBA32@ImFontAtlas@@QEAAXPEAPEAEPEAH11@Z 0000000180029470 f   imgui_draw.obj
 0001:000286d0       ?AddFont@ImFontAtlas@@QEAAPEAUImFont@@PEBUImFontConfig@@@Z 00000001800296d0 f   imgui_draw.obj
 0001:00028980       ?AddFontFromMemoryTTF@ImFontAtlas@@QEAAPEAUImFont@@PEAXHMPEBUImFontConfig@@PEBG@Z 0000000180029980 f   imgui_draw.obj
 0001:00028b10       ?AddFontFromMemoryCompressedTTF@ImFontAtlas@@QEAAPEAUImFont@@PEBXHMPEBUImFontConfig@@PEBG@Z 0000000180029b10 f   imgui_draw.obj
 0001:00028df0       ?AddFontFromMemoryCompressedBase85TTF@ImFontAtlas@@QEAAPEAUImFont@@PEBDMPEBUImFontConfig@@PEBG@Z 0000000180029df0 f   imgui_draw.obj
 0001:00028f80       ?ImFontAtlasBuildWithStbTruetype@@YA_NPEAUImFontAtlas@@@Z 0000000180029f80 f   imgui_draw.obj
 0001:0002a360       ?ImFontAtlasBuildPackCustomRects@@YAXPEAUImFontAtlas@@PEAX@Z 000000018002b360 f   imgui_draw.obj
 0001:0002a940       ?ImFontAtlasBuildFinish@@YAXPEAUImFontAtlas@@@Z 000000018002b940 f   imgui_draw.obj
 0001:0002ab60       ??1ImFont@@QEAA@XZ         000000018002bb60 f   imgui_draw.obj
 0001:0002abe0       ?ClearOutputData@ImFont@@QEAAXXZ 000000018002bbe0 f   imgui_draw.obj
 0001:0002ac90       ?BuildLookupTable@ImFont@@QEAAXXZ 000000018002bc90 f   imgui_draw.obj
 0001:0002af70       ?GrowIndex@ImFont@@QEAAXH@Z 000000018002bf70 f   imgui_draw.obj
 0001:0002b060       ?AddGlyph@ImFont@@QEAAXGMMMMMMMMM@Z 000000018002c060 f   imgui_draw.obj
 0001:0002b1c0       ?CalcWordWrapPositionA@ImFont@@QEBAPEBDMPEBD0M@Z 000000018002c1c0 f   imgui_draw.obj
 0001:0002b350       ?CalcTextSizeA@ImFont@@QEBA?AUImVec2@@MMMPEBD0PEAPEBD@Z 000000018002c350 f   imgui_draw.obj
 0001:0002b570       ?RenderText@ImFont@@QEBAXPEAUImDrawList@@MUImVec2@@IAEBUImVec4@@PEBD3M_N@Z 000000018002c570 f   imgui_draw.obj
 0001:0002bf10       ?resize@?$ImVector@UImFontGlyph@@@@QEAAXH@Z 000000018002cf10 f i imgui_draw.obj
 0001:0002c000       ?push_back@?$ImVector@UImFontAtlasCustomRect@@@@QEAAXAEBUImFontAtlasCustomRect@@@Z 000000018002d000 f i imgui_draw.obj
 0001:0002c0e0       ?reserve@?$ImVector@UImVec4@@@@QEAAXH@Z 000000018002d0e0 f i imgui_draw.obj
 0001:0002c170       ?reserve@?$ImVector@UImDrawCmd@@@@QEAAXH@Z 000000018002d170 f i imgui_draw.obj
 0001:0002c3f0       ?ImGui_ImplDX11_RenderDrawData@@YAXPEAUImDrawData@@@Z 000000018002d3f0 f   imgui_impl_dx11.obj
 0001:0002ce90       ?ImGui_ImplDX11_CreateDeviceObjects@@YA_NXZ 000000018002de90 f   imgui_impl_dx11.obj
 0001:0002d3d0       ?ImGui_ImplDX11_InvalidateDeviceObjects@@YAXXZ 000000018002e3d0 f   imgui_impl_dx11.obj
 0001:0002d550       ?ImGui_ImplWin32_NewFrame@@YAXXZ 000000018002e550 f   imgui_impl_win32.obj
 0001:0002d840       ?ImGui_ImplWin32_WndProcHandler@@YA_JPEAUHWND__@@I_K_J@Z 000000018002e840 f   imgui_impl_win32.obj
 0001:0002dae0       ?ChannelsSetCurrent@ImDrawList@@QEAAXH@Z 000000018002eae0 f i imgui_widgets.obj
 0001:0002db60       ?TextEx@ImGui@@YAXPEBD0H@Z 000000018002eb60 f   imgui_widgets.obj
 0001:0002e3a0       ?Text@ImGui@@YAXPEBDZZ     000000018002f3a0 f   imgui_widgets.obj
 0001:0002e3d0       ?TextV@ImGui@@YAXPEBDPEAD@Z 000000018002f3d0 f   imgui_widgets.obj
 0001:0002e4a0       ?TextColored@ImGui@@YAXAEBUImVec4@@PEBDZZ 000000018002f4a0 f   imgui_widgets.obj
 0001:0002e540       ?ButtonBehavior@ImGui@@YA_NAEBUImRect@@IPEA_N1H@Z 000000018002f540 f   imgui_widgets.obj
 0001:0002e9e0       ?ButtonEx@ImGui@@YA_NPEBDAEBUImVec2@@H@Z 000000018002f9e0 f   imgui_widgets.obj
 0001:0002ed50       ?InvisibleButton@ImGui@@YA_NPEBDAEBUImVec2@@@Z 000000018002fd50 f   imgui_widgets.obj
 0001:0002ee70       ?CollapseButton@ImGui@@YA_NIAEBUImVec2@@@Z 000000018002fe70 f   imgui_widgets.obj
 0001:0002f150       ?ScrollbarEx@ImGui@@YA_NAEBUImRect@@IW4ImGuiAxis@@PEAMMMH@Z 0000000180030150 f   imgui_widgets.obj
 0001:0002f740       ?Scrollbar@ImGui@@YAXW4ImGuiAxis@@@Z 0000000180030740 f   imgui_widgets.obj
 0001:0002f8e0       ?Checkbox@ImGui@@YA_NPEBDPEA_N@Z 00000001800308e0 f   imgui_widgets.obj
 0001:0002fd80       ?RadioButton@ImGui@@YA_NPEBD_N@Z 0000000180030d80 f   imgui_widgets.obj
 0001:000303b0       ?Spacing@ImGui@@YAXXZ      00000001800313b0 f   imgui_widgets.obj
 0001:00030400       ?Dummy@ImGui@@YAXAEBUImVec2@@@Z 0000000180031400 f   imgui_widgets.obj
 0001:00030550       ?SeparatorEx@ImGui@@YAXH@Z 0000000180031550 f   imgui_widgets.obj
 0001:00030960       ?BeginCombo@ImGui@@YA_NPEBD0H@Z 0000000180031960 f   imgui_widgets.obj
 0001:000311c0       ?Combo@ImGui@@YA_NPEBDPEAHP6A_NPEAXHPEAPEBD@Z2HH@Z 00000001800321c0 f   imgui_widgets.obj
 0001:00031410       ?DataTypeFormatString@ImGui@@YAHPEADHHPEBXPEBD@Z 0000000180032410 f   imgui_widgets.obj
 0001:000314f0       ?DataTypeApplyOpFromText@ImGui@@YA_NPEBD0HPEAX0@Z 00000001800324f0 f   imgui_widgets.obj
 0001:00031910       ?DragScalar@ImGui@@YA_NPEBDHPEAXMPEBX20M@Z 0000000180032910 f   imgui_widgets.obj
 0001:00032450       ?SliderScalar@ImGui@@YA_NPEBDHPEAXPEBX20M@Z 0000000180033450 f   imgui_widgets.obj
 0001:00032b60       ?ImParseFormatFindEnd@@YAPEBDPEBD@Z 0000000180033b60 f   imgui_widgets.obj
 0001:00032bc0       ?ImParseFormatPrecision@@YAHPEBDH@Z 0000000180033bc0 f   imgui_widgets.obj
 0001:00032cc0       ?TempInputTextScalar@ImGui@@YA_NAEBUImRect@@IPEBDHPEAX1@Z 0000000180033cc0 f   imgui_widgets.obj
 0001:00034c30       ?InputTextEx@ImGui@@YA_NPEBD0PEADHAEBUImVec2@@HP6AHPEAUImGuiInputTextCallbackData@@@ZPEAX@Z 0000000180035c30 f   imgui_widgets.obj
 0001:00037c80       ?ColorEdit4@ImGui@@YA_NPEBDQEAMH@Z 0000000180038c80 f   imgui_widgets.obj
 0001:00038ac0       ?RenderColorRectWithAlphaCheckerboard@ImGui@@YAXUImVec2@@0IM0MH@Z 0000000180039ac0 f   imgui_widgets.obj
 0001:00039170       ?ColorPicker4@ImGui@@YA_NPEBDQEAMHPEBM@Z 000000018003a170 f   imgui_widgets.obj
 0001:0003b410       ?ColorButton@ImGui@@YA_NPEBDAEBUImVec4@@HUImVec2@@@Z 000000018003c410 f   imgui_widgets.obj
 0001:0003bb60       ?ColorTooltip@ImGui@@YAXPEBDPEBMH@Z 000000018003cb60 f   imgui_widgets.obj
 0001:0003bea0       ?ColorEditOptionsPopup@ImGui@@YAXPEBMH@Z 000000018003cea0 f   imgui_widgets.obj
 0001:0003c420       ?ColorPickerOptionsPopup@ImGui@@YAXPEBMH@Z 000000018003d420 f   imgui_widgets.obj
 0001:0003c8d0       ?Selectable@ImGui@@YA_NPEBD_NHAEBUImVec2@@@Z 000000018003d8d0 f   imgui_widgets.obj
 0001:0003cff0       ?SetColumnOffset@ImGui@@YAXHM@Z 000000018003dff0 f   imgui_widgets.obj
 0001:0003d120       ?PushColumnsBackground@ImGui@@YAXXZ 000000018003e120 f   imgui_widgets.obj
 0001:0003d170       ?PopColumnsBackground@ImGui@@YAXXZ 000000018003e170 f   imgui_widgets.obj
 0001:0003d1b0       ?EndColumns@ImGui@@YAXXZ   000000018003e1b0 f   imgui_widgets.obj
 0001:0003d700       ??$DragBehaviorT@HHM@ImGui@@YA_NHPEAHMHHPEBDMH@Z 000000018003e700 f i imgui_widgets.obj
 0001:0003db60       ??$DragBehaviorT@IHM@ImGui@@YA_NHPEAIMIIPEBDMH@Z 000000018003eb60 f i imgui_widgets.obj
 0001:0003dfd0       ??$DragBehaviorT@_J_JN@ImGui@@YA_NHPEA_JM_J1PEBDMH@Z 000000018003efd0 f i imgui_widgets.obj
 0001:0003e490       ??$DragBehaviorT@_K_JN@ImGui@@YA_NHPEA_KM_K1PEBDMH@Z 000000018003f490 f i imgui_widgets.obj
 0001:0003ea10       ??$DragBehaviorT@MMM@ImGui@@YA_NHPEAMMMMPEBDMH@Z 000000018003fa10 f i imgui_widgets.obj
 0001:0003eec0       ??$DragBehaviorT@NNN@ImGui@@YA_NHPEANMNNPEBDMH@Z 000000018003fec0 f i imgui_widgets.obj
 0001:0003f3b0       ??$SliderBehaviorT@MMM@ImGui@@YA_NAEBUImRect@@IHPEAMMMPEBDMHPEAU1@@Z 00000001800403b0 f i imgui_widgets.obj
 0001:0003f9b0       ??$RoundScalarWithFormatT@HH@ImGui@@YAHPEBDHH@Z 00000001800409b0 f i imgui_widgets.obj
 0001:0003fa70       ??$RoundScalarWithFormatT@IH@ImGui@@YAIPEBDHI@Z 0000000180040a70 f i imgui_widgets.obj
 0001:0003fb30       ??$RoundScalarWithFormatT@_J_J@ImGui@@YA_JPEBDH_J@Z 0000000180040b30 f i imgui_widgets.obj
 0001:0003fbf0       ??$RoundScalarWithFormatT@_K_J@ImGui@@YA_KPEBDH_K@Z 0000000180040bf0 f i imgui_widgets.obj
 0001:0003fcd0       ??$RoundScalarWithFormatT@MM@ImGui@@YAMPEBDHM@Z 0000000180040cd0 f i imgui_widgets.obj
 0001:0003fe10       ??$RoundScalarWithFormatT@NN@ImGui@@YANPEBDHN@Z 0000000180040e10 f i imgui_widgets.obj
 0001:0003ff50       ??$SliderCalcRatioFromValueT@MM@ImGui@@YAMHMMMMM@Z 0000000180040f50 f i imgui_widgets.obj
 0001:000400c0       DllMain                    00000001800410c0 f   MainDLL.obj
 0001:00040160       ?ConvertHexToByteArray@@YAHAEBV?$basic_string@DU?$char_traits@D@std@@V?$allocator@D@2@@std@@AEAV?$vector@EV?$allocator@E@std@@@2@@Z 0000000180041160 f   Memory.obj
 0001:00040370       ?PatternScan@@YA_K_K0AEBV?$basic_string@DU?$char_traits@D@std@@V?$allocator@D@2@@std@@_N2H@Z 0000000180041370 f   Memory.obj
 0001:00040480       ??1?$vector@EV?$allocator@E@std@@@std@@QEAA@XZ 0000000180041480 f i Memory.obj
 0001:000404e0       ?_Xran@?$_String_val@U?$_Simple_types@D@std@@@std@@SAXXZ 00000001800414e0 f i Memory.obj
 0001:00040500       ??$_Emplace_reallocate@E@?$vector@EV?$allocator@E@std@@@std@@AEAAPEAEQEAE$$QEAE@Z 0000000180041500 f i Memory.obj
 0001:00040680       ?_Xlength@?$vector@EV?$allocator@E@std@@@std@@CAXXZ 0000000180041680 f i Memory.obj
 0001:00040680       ?_Xlength@?$vector@UBoneJointPos@@V?$allocator@UBoneJointPos@@@std@@@std@@CAXXZ 0000000180041680 f i Entity.obj
 0001:00040680       ?_Xlength@?$vector@_KV?$allocator@_K@std@@@std@@CAXXZ 0000000180041680 f i Entity.obj
 0001:000406a0       ?PlayerWeapon@CEntity@@QEAAXXZ 00000001800416a0 f   Entity.obj
 0001:00040a30       ?UpdatePlayerBoneData@CEntity@@QEAAXXZ 0000000180041a30 f   Entity.obj
 0001:00040db0       ?GetEntityWeapon@@YAXXZ    0000000180041db0 f   Entity.obj
 0001:00040fc0       ?PlayerEntities@@YAXXZ     0000000180041fc0 f   Entity.obj
 0001:00041270       ?UpdateWeaponESP@@YAXAEAVWeaponEntity@@@Z 0000000180042270 f   Entity.obj
 0001:00041650       ?EnableCheats@@YAXXZ       0000000180042650 f   Entity.obj
 0001:00042100       ??1CEntity@@QEAA@XZ        0000000180043100 f i Entity.obj
 0001:00042330       ??4?$basic_string@DU?$char_traits@D@std@@V?$allocator@D@2@@std@@QEAAAEAV01@$$QEAV01@@Z 0000000180043330 f i Entity.obj
 0001:000423c0       ?assign@?$basic_string@DU?$char_traits@D@std@@V?$allocator@D@2@@std@@QEAAAEAV12@QEBD_K@Z 00000001800433c0 f i Entity.obj
 0001:00042530       ??$__builtin_array_init_helper@UBoneJointData@@@@YAXPEAUBoneJointData@@_K@Z 0000000180043530 f i Entity.obj
 0001:00042790       ??$ReadMemoryInternal@VVec3@@@@YAH_KAEAVVec3@@0@Z 0000000180043790 f i Entity.obj
 0001:00042830       ??$_Emplace_reallocate@AEB_K@?$vector@_KV?$allocator@_K@std@@@std@@AEAAPEA_KQEA_KAEB_K@Z 0000000180043830 f i Entity.obj
 0001:000429d0       ??$_Emplace_reallocate@UBoneJointPos@@@?$vector@UBoneJointPos@@V?$allocator@UBoneJointPos@@@std@@@std@@AEAAPEAUBoneJointPos@@QEAU2@$$QEAU2@@Z 00000001800439d0 f i Entity.obj
 0001:00042bc8       ??0bad_alloc@std@@QEAA@XZ  0000000180043bc8 f i libcpmt:xthrow.obj
 0001:00042be8       ??0length_error@std@@QEAA@AEBV01@@Z 0000000180043be8 f i libcpmt:xthrow.obj
 0001:00042c24       ??0length_error@std@@QEAA@PEBD@Z 0000000180043c24 f i libcpmt:xthrow.obj
 0001:00042c6c       ??0logic_error@std@@QEAA@AEBV01@@Z 0000000180043c6c f i libcpmt:xthrow.obj
 0001:00042ca8       ??0out_of_range@std@@QEAA@AEBV01@@Z 0000000180043ca8 f i libcpmt:xthrow.obj
 0001:00042ce4       ??0out_of_range@std@@QEAA@PEBD@Z 0000000180043ce4 f i libcpmt:xthrow.obj
 0001:00042d2c       ?_Xlength_error@std@@YAXPEBD@Z 0000000180043d2c f   libcpmt:xthrow.obj
 0001:00042d50       ?_Xout_of_range@std@@YAXPEBD@Z 0000000180043d50 f   libcpmt:xthrow.obj
 0001:00042d74       _Query_perf_counter        0000000180043d74 f   libcpmt:xtime.obj
 0001:00042d90       _Query_perf_frequency      0000000180043d90 f   libcpmt:xtime.obj
 0001:00042e30       __security_check_cookie    0000000180043e30 f   LIBCMT:amdsecgs.obj
 0001:00042e50       ??2@YAPEAX_K@Z             0000000180043e50 f   LIBCMT:new_scalar.obj
 0001:00042e8c       ??_M@YAXPEAX_K1P6AX0@Z@Z   0000000180043e8c f   LIBCMT:ehvecdtr.obj
 0001:00042ef8       ?__ArrayUnwind@@YAXPEAX_K1P6AX0@Z@Z 0000000180043ef8 f   LIBCMT:ehvecdtr.obj
 0001:00042f5c       __scrt_acquire_startup_lock 0000000180043f5c f   LIBCMT:utility.obj
 0001:00042f98       __scrt_dllmain_after_initialize_c 0000000180043f98 f   LIBCMT:utility.obj
 0001:00042fcc       __scrt_dllmain_before_initialize_c 0000000180043fcc f   LIBCMT:utility.obj
 0001:00042fe4       __scrt_dllmain_crt_thread_attach 0000000180043fe4 f   LIBCMT:utility.obj
 0001:0004300c       __scrt_dllmain_crt_thread_detach 000000018004400c f   LIBCMT:utility.obj
 0001:00043024       __scrt_dllmain_exception_filter 0000000180044024 f   LIBCMT:utility.obj
 0001:00043084       __scrt_dllmain_uninitialize_c 0000000180044084 f   LIBCMT:utility.obj
 0001:000430b4       __scrt_dllmain_uninitialize_critical 00000001800440b4 f   LIBCMT:utility.obj
 0001:000430c8       __scrt_initialize_crt      00000001800440c8 f   LIBCMT:utility.obj
 0001:00043104       __scrt_initialize_onexit_tables 0000000180044104 f   LIBCMT:utility.obj
 0001:00043190       __scrt_is_nonwritable_in_current_image 0000000180044190 f   LIBCMT:utility.obj
 0001:00043228       __scrt_release_startup_lock 0000000180044228 f   LIBCMT:utility.obj
 0001:0004324c       __scrt_uninitialize_crt    000000018004424c f   LIBCMT:utility.obj
 0001:00043278       _onexit                    0000000180044278 f   LIBCMT:utility.obj
 0001:000432b4       atexit                     00000001800442b4 f   LIBCMT:utility.obj
 0001:000432cc       ??3@YAXPEAX_K@Z            00000001800442cc f   LIBCMT:delete_scalar_size.obj
 0001:000432d4       ??_Etype_info@@UEAAPEAXI@Z 00000001800442d4 f i LIBCMT:std_type_info_static.obj
 0001:000432d4       ??_Gtype_info@@UEAAPEAXI@Z 00000001800442d4 f i LIBCMT:std_type_info_static.obj
 0001:00043300       _Init_thread_footer        0000000180044300 f   LIBCMT:thread_safe_statics.obj
 0001:0004336c       _Init_thread_header        000000018004436c f   LIBCMT:thread_safe_statics.obj
 0001:000433e4       ??_L@YAXPEAX_K1P6AX0@Z2@Z  00000001800443e4 f   LIBCMT:ehvecctr.obj
 0001:00043454       __raise_securityfailure    0000000180044454 f   LIBCMT:gs_report.obj
 0001:00043488       __report_gsfailure         0000000180044488 f   LIBCMT:gs_report.obj
 0001:0004355c       __report_rangecheckfailure 000000018004455c f   LIBCMT:gs_report.obj
 0001:00043570       __report_securityfailure   0000000180044570 f   LIBCMT:gs_report.obj
 0001:00043a04       _DllMainCRTStartup         0000000180044a04 f   LIBCMT:dll_dllmain.obj
 0001:00043a44       __GSHandlerCheck           0000000180044a44 f   LIBCMT:gshandler.obj
 0001:00043a64       __GSHandlerCheckCommon     0000000180044a64 f   LIBCMT:gshandler.obj
 0001:00043ac0       ?__scrt_throw_std_bad_alloc@@YAXXZ 0000000180044ac0 f   LIBCMT:throw_bad_alloc.obj
 0001:00043ae0       __isa_available_init       0000000180044ae0 f   LIBCMT:cpu_disp.obj
 0001:00043dac       _get_startup_argv_mode     0000000180044dac f   LIBCMT:argv_mode.obj
 0001:00043db4       __scrt_is_ucrt_dll_in_use  0000000180044db4 f   LIBCMT:ucrt_detection.obj
 0001:00043dc0       __crt_debugger_hook        0000000180044dc0 f   LIBCMT:utility_desktop.obj
 0001:00043dc8       __scrt_fastfail            0000000180044dc8 f   LIBCMT:utility_desktop.obj
 0001:00043f10       __security_init_cookie     0000000180044f10 f   LIBCMT:gs_support.obj
 0001:00043fbc       ?__scrt_initialize_type_info@@YAXXZ 0000000180044fbc f   LIBCMT:tncleanup.obj
 0001:00043fcc       ?__scrt_uninitialize_type_info@@YAXXZ 0000000180044fcc f   LIBCMT:tncleanup.obj
 0001:00043fd8       __scrt_initialize_default_local_stdio_options 0000000180044fd8 f   LIBCMT:default_local_stdio_options.obj
 0001:00043ff4       __scrt_get_dyn_tls_init_callback 0000000180044ff4 f   LIBCMT:dyn_tls_init.obj
 0001:00043ffc       _RTC_Initialize            0000000180044ffc f   LIBCMT:initsect.obj
 0001:00044038       _RTC_Terminate             0000000180045038 f   LIBCMT:initsect.obj
 0001:00044080       ??$_CallSETranslator@V__FrameHandler3@@@@YAHPEAUEHExceptionRecord@@PEA_KPEAU_CONTEXT@@PEAU_xDISPATCHER_CONTEXT@@PEBU_s_FuncInfo@@K1H@Z 0000000180045080 f i libvcruntime:risctrnsctrl.obj
 0001:000440d4       ??$_CallSETranslator@V__FrameHandler4@@@@YAHPEAUEHExceptionRecord@@PEA_KPEAU_CONTEXT@@PEAU_xDISPATCHER_CONTEXT@@PEAUFuncInfo4@FH4@@K1H@Z 00000001800450d4 f i libvcruntime:risctrnsctrl.obj
 0001:00044128       ?CatchTryBlock@__FrameHandler3@@SAPEBU_s_TryBlockMapEntry@@PEBU_s_FuncInfo@@H@Z 0000000180045128 f   libvcruntime:risctrnsctrl.obj
 0001:0004418c       ?DecompFuncInfo@FH4@@YA_JPEAEAEAUFuncInfo4@1@_KH_N@Z 000000018004518c f i libvcruntime:risctrnsctrl.obj
 0001:000442c4       ?ExecutionInCatch@__FrameHandler3@@SA_NPEAU_xDISPATCHER_CONTEXT@@PEBU_s_FuncInfo@@@Z 00000001800452c4 f   libvcruntime:risctrnsctrl.obj
 0001:000442f0       ?ExecutionInCatch@__FrameHandler4@@SA_NPEAU_xDISPATCHER_CONTEXT@@PEAUFuncInfo4@FH4@@@Z 00000001800452f0 f   libvcruntime:risctrnsctrl.obj
 0001:000442f8       ?FrameUnwindToEmptyState@__FrameHandler3@@SAXPEA_KPEAU_xDISPATCHER_CONTEXT@@PEBU_s_FuncInfo@@@Z 00000001800452f8 f   libvcruntime:risctrnsctrl.obj
 0001:0004435c       ?FrameUnwindToEmptyState@__FrameHandler4@@SAXPEA_KPEAU_xDISPATCHER_CONTEXT@@PEAUFuncInfo4@FH4@@@Z 000000018004535c f   libvcruntime:risctrnsctrl.obj
 0001:00044390       ?GetEstablisherFrame@__FrameHandler3@@SAPEA_KPEA_KPEAU_xDISPATCHER_CONTEXT@@PEBU_s_FuncInfo@@0@Z 0000000180045390 f   libvcruntime:risctrnsctrl.obj
 0001:00044460       ?GetEstablisherFrame@__FrameHandler4@@SAPEA_KPEA_KPEAU_xDISPATCHER_CONTEXT@@PEAUFuncInfo4@FH4@@0@Z 0000000180045460 f   libvcruntime:risctrnsctrl.obj
 0001:00044484       ?GetRangeOfTrysToCheck@__FrameHandler3@@SA?AU?$pair@Viterator@TryBlockMap@__FrameHandler3@@V123@@std@@AEAVTryBlockMap@1@HPEAU_xDISPATCHER_CONTEXT@@PEBU_s_FuncInfo@@H@Z 0000000180045484 f   libvcruntime:risctrnsctrl.obj
 0001:000445b8       ?GetRangeOfTrysToCheck@__FrameHandler4@@SA?AU?$pair@Viterator@TryBlockMap4@FH4@@V123@@std@@AEAVTryBlockMap4@FH4@@HPEAU_xDISPATCHER_CONTEXT@@PEAUFuncInfo4@5@H@Z 00000001800455b8 f   libvcruntime:risctrnsctrl.obj
 0001:00044724       ?UnwindNestedFrames@__FrameHandler3@@SAXPEA_KPEAUEHExceptionRecord@@PEAU_CONTEXT@@0PEAXPEBU_s_FuncInfo@@HHPEBU_s_HandlerType@@PEAU_xDISPATCHER_CONTEXT@@E@Z 0000000180045724 f   libvcruntime:risctrnsctrl.obj
 0001:00044828       ?UnwindNestedFrames@__FrameHandler4@@SAXPEA_KPEAUEHExceptionRecord@@PEAU_CONTEXT@@0PEAXPEAUFuncInfo4@FH4@@HHPEAUHandlerType4@5@PEAU_xDISPATCHER_CONTEXT@@E@Z 0000000180045828 f   libvcruntime:risctrnsctrl.obj
 0001:00044948       ?setBuffer@TryBlockMap4@FH4@@QEAAXViterator@12@@Z 0000000180045948 f i libvcruntime:risctrnsctrl.obj
 0001:00044b0c       _CreateFrameInfo           0000000180045b0c f   libvcruntime:risctrnsctrl.obj
 0001:00044b48       _FindAndUnlinkFrame        0000000180045b48 f   libvcruntime:risctrnsctrl.obj
 0001:00044b9c       _GetImageBase              0000000180045b9c f   libvcruntime:risctrnsctrl.obj
 0001:00044bb0       _GetThrowImageBase         0000000180045bb0 f   libvcruntime:risctrnsctrl.obj
 0001:00044bc4       _SetImageBase              0000000180045bc4 f   libvcruntime:risctrnsctrl.obj
 0001:00044bdc       _SetThrowImageBase         0000000180045bdc f   libvcruntime:risctrnsctrl.obj
 0001:00044bf4       __CxxFrameHandler3         0000000180045bf4 f   libvcruntime:risctrnsctrl.obj
 0001:00044c7c       __CxxFrameHandler4         0000000180045c7c f   libvcruntime:risctrnsctrl.obj
 0001:00044d3c       __std_exception_copy       0000000180045d3c f   libvcruntime:std_exception.obj
 0001:00044dcc       __std_exception_destroy    0000000180045dcc f   libvcruntime:std_exception.obj
 0001:00044df4       __DestructExceptionObject  0000000180045df4 f   libvcruntime:ehhelpers.obj
 0001:00044e64       ?_CallMemberFunction0@@YAXQEAX0@Z 0000000180045e64 f i libvcruntime:ehhelpers.obj
 0001:00044e68       _IsExceptionObjectToBeDestroyed 0000000180045e68 f   libvcruntime:ehhelpers.obj
 0001:00044e98       __AdjustPointer            0000000180045e98 f   libvcruntime:ehhelpers.obj
 0001:00044ebc       __FrameUnwindFilter        0000000180045ebc f   libvcruntime:ehhelpers.obj
 0001:00044f24       __current_exception        0000000180045f24 f   libvcruntime:ehhelpers.obj
 0001:00044f38       __current_exception_context 0000000180045f38 f   libvcruntime:ehhelpers.obj
 0001:00044f4c       __std_terminate            0000000180045f4c f   libvcruntime:ehhelpers.obj
 0001:00044f58       strstr                     0000000180045f58 f   libvcruntime:strstr.obj
 0001:00045140       __C_specific_handler       0000000180046140 f   libvcruntime:riscchandler.obj
 0001:00045360       _CxxThrowException         0000000180046360 f   libvcruntime:throw.obj
 0001:00045408       __vcrt_initialize          0000000180046408 f   libvcruntime:initialization.obj
 0001:00045430       __vcrt_thread_attach       0000000180046430 f   libvcruntime:initialization.obj
 0001:00045444       __vcrt_thread_detach       0000000180046444 f   libvcruntime:initialization.obj
 0001:00045454       __vcrt_uninitialize        0000000180046454 f   libvcruntime:initialization.obj
 0001:00045470       __vcrt_uninitialize_critical 0000000180046470 f   libvcruntime:initialization.obj
 0001:00045480       __std_type_info_compare    0000000180046480 f   libvcruntime:std_type_info.obj
 0001:000454a8       __std_type_info_destroy_list 00000001800464a8 f   libvcruntime:std_type_info.obj
 0001:000454d4       __vcrt_freefls             00000001800464d4 f   libvcruntime:per_thread_data.obj
 0001:000454f4       __vcrt_freeptd_for_this_thread 00000001800464f4 f   libvcruntime:per_thread_data.obj
 0001:0004553c       __vcrt_getptd              000000018004653c f   libvcruntime:per_thread_data.obj
 0001:00045558       __vcrt_getptd_noexit       0000000180046558 f   libvcruntime:per_thread_data.obj
 0001:00045618       __vcrt_initialize_ptd      0000000180046618 f   libvcruntime:per_thread_data.obj
 0001:00045660       __vcrt_uninitialize_ptd    0000000180046660 f   libvcruntime:per_thread_data.obj
 0001:00045684       ?GetCurrentState@__FrameHandler3@@SAHPEA_KPEAU_xDISPATCHER_CONTEXT@@PEBU_s_FuncInfo@@@Z 0000000180046684 f   libvcruntime:ehstate.obj
 0001:000456ac       ?GetUnwindTryBlock@__FrameHandler3@@SAHPEA_KPEAU_xDISPATCHER_CONTEXT@@PEBU_s_FuncInfo@@@Z 00000001800466ac f   libvcruntime:ehstate.obj
 0001:000456d8       ?SetState@__FrameHandler3@@SAXPEA_KPEBU_s_FuncInfo@@H@Z 00000001800466d8 f   libvcruntime:ehstate.obj
 0001:000456e4       ?SetUnwindTryBlock@__FrameHandler3@@SAXPEA_KPEAU_xDISPATCHER_CONTEXT@@PEBU_s_FuncInfo@@H@Z 00000001800466e4 f   libvcruntime:ehstate.obj
 0001:00045720       ?StateFromControlPc@__FrameHandler3@@SAHPEBU_s_FuncInfo@@PEAU_xDISPATCHER_CONTEXT@@@Z 0000000180046720 f   libvcruntime:ehstate.obj
 0001:00045728       ?StateFromControlPc@__FrameHandler4@@SAHPEAUFuncInfo4@FH4@@PEAU_xDISPATCHER_CONTEXT@@@Z 0000000180046728 f   libvcruntime:ehstate.obj
 0001:00045730       ?StateFromIp@__FrameHandler3@@SAHPEBU_s_FuncInfo@@PEAU_xDISPATCHER_CONTEXT@@_K@Z 0000000180046730 f   libvcruntime:ehstate.obj
 0001:00045798       ?StateFromIp@__FrameHandler4@@SAHPEAUFuncInfo4@FH4@@PEAU_xDISPATCHER_CONTEXT@@_K@Z 0000000180046798 f   libvcruntime:ehstate.obj
 0001:00046ef0       ??$TypeMatchHelper@V__FrameHandler3@@@@YAHPEBU_s_HandlerType@@PEBU_s_CatchableType@@PEBU_s_ThrowInfo@@@Z 0000000180047ef0 f i libvcruntime:frame.obj
 0001:00047030       ??$TypeMatchHelper@V__FrameHandler4@@@@YAHPEAUHandlerType4@FH4@@PEBU_s_CatchableType@@PEBU_s_ThrowInfo@@@Z 0000000180048030 f i libvcruntime:frame.obj
 0001:0004717c       ??$__InternalCxxFrameHandler@V__FrameHandler3@@@@YA?AW4_EXCEPTION_DISPOSITION@@PEAUEHExceptionRecord@@PEA_KPEAU_CONTEXT@@PEAU_xDISPATCHER_CONTEXT@@PEBU_s_FuncInfo@@H1E@Z 000000018004817c f i libvcruntime:frame.obj
 0001:000473b4       ??$__InternalCxxFrameHandler@V__FrameHandler4@@@@YA?AW4_EXCEPTION_DISPOSITION@@PEAUEHExceptionRecord@@PEA_KPEAU_CONTEXT@@PEAU_xDISPATCHER_CONTEXT@@PEAUFuncInfo4@FH4@@H1E@Z 00000001800483b4 f i libvcruntime:frame.obj
 0001:00047648       ??$__InternalCxxFrameHandlerWrapper@V__FrameHandler3@@@@YA?AW4_EXCEPTION_DISPOSITION@@PEAUEHExceptionRecord@@PEA_KPEAU_CONTEXT@@PEAU_xDISPATCHER_CONTEXT@@PEBU_s_FuncInfo@@H1E@Z 0000000180048648 f i libvcruntime:frame.obj
 0001:00047650       ??$__InternalCxxFrameHandlerWrapper@V__FrameHandler4@@@@YA?AW4_EXCEPTION_DISPOSITION@@PEAUEHExceptionRecord@@PEA_KPEAU_CONTEXT@@PEAU_xDISPATCHER_CONTEXT@@PEAUFuncInfo4@FH4@@H1E@Z 0000000180048650 f i libvcruntime:frame.obj
 0001:0004769c       ??0HandlerMap4@FH4@@QEAA@PEBUTryBlockMapEntry4@1@_KH@Z 000000018004869c f i libvcruntime:frame.obj
 0001:00047720       ??0TryBlockMap4@FH4@@QEAA@PEBUFuncInfo4@1@_K@Z 0000000180048720 f i libvcruntime:frame.obj
 0001:00047804       ??0bad_exception@std@@QEAA@AEBV01@@Z 0000000180048804 f i libvcruntime:frame.obj
 0001:00047840       ??0bad_exception@std@@QEAA@XZ 0000000180048840 f i libvcruntime:frame.obj
 0001:00047860       ?CxxCallCatchBlock@__FrameHandler3@@SAPEAXPEAU_EXCEPTION_RECORD@@@Z 0000000180048860 f   libvcruntime:frame.obj
 0001:00047a4c       ?CxxCallCatchBlock@__FrameHandler4@@SAPEAXPEAU_EXCEPTION_RECORD@@@Z 0000000180048a4c f   libvcruntime:frame.obj
 0001:00047c9c       ?DecompHandler@HandlerMap4@FH4@@AEAAXXZ 0000000180048c9c f i libvcruntime:frame.obj
 0001:00047ee4       ?FrameUnwindToState@__FrameHandler3@@SAXPEA_KPEAU_xDISPATCHER_CONTEXT@@PEBU_s_FuncInfo@@H@Z 0000000180048ee4 f   libvcruntime:frame.obj
 0001:00048070       ?FrameUnwindToState@__FrameHandler4@@SAXPEA_KPEAU_xDISPATCHER_CONTEXT@@PEAUFuncInfo4@FH4@@H@Z 0000000180049070 f   libvcruntime:frame.obj
 0001:00048378       ?GetHandlerSearchState@__FrameHandler3@@SAHPEA_KPEAU_xDISPATCHER_CONTEXT@@PEBU_s_FuncInfo@@@Z 0000000180049378 f i libvcruntime:frame.obj
 0001:00048588       ?ReadEntry@UWMap4@FH4@@AEAAXPEAPEAE@Z 0000000180049588 f i libvcruntime:frame.obj
 0001:00048624       ?_CallMemberFunction1@@YAXQEAX00@Z 0000000180049624 f i libvcruntime:frame.obj
 0001:00048630       ?_CallMemberFunction2@@YAXQEAX00H@Z 0000000180049630 f i libvcruntime:frame.obj
 0001:00048640       ?getStartStop@UWMap4@FH4@@QEAAXHHAEAViterator@12@0@Z 0000000180049640 f i libvcruntime:frame.obj
 0001:00048710       ?getStateFromIterators@UWMap4@FH4@@SAHAEBViterator@12@H0H0@Z 0000000180049710 f i libvcruntime:frame.obj
 0001:000487f0       _NLG_Notify                00000001800497f0 f   libvcruntime:notify.obj
 0001:00048810       __NLG_Dispatch2            0000000180049810 f   libvcruntime:notify.obj
 0001:00048820       __NLG_Return2              0000000180049820 f   libvcruntime:notify.obj
 0001:00048824       __except_validate_context_record 0000000180049824 f   libvcruntime:jbcxrval.obj
 0001:0004885c       __vcrt_initialize_locks    000000018004985c f   libvcruntime:locks.obj
 0001:000488a4       __vcrt_uninitialize_locks  00000001800498a4 f   libvcruntime:locks.obj
 0001:00048a2c       __vcrt_FlsAlloc            0000000180049a2c f   libvcruntime:winapi_downlevel.obj
 0001:00048a74       __vcrt_FlsFree             0000000180049a74 f   libvcruntime:winapi_downlevel.obj
 0001:00048abc       __vcrt_FlsGetValue         0000000180049abc f   libvcruntime:winapi_downlevel.obj
 0001:00048b04       __vcrt_FlsSetValue         0000000180049b04 f   libvcruntime:winapi_downlevel.obj
 0001:00048b58       __vcrt_InitializeCriticalSectionEx 0000000180049b58 f   libvcruntime:winapi_downlevel.obj
 0001:00048c00       _CallSettingFrame          0000000180049c00 f   libvcruntime:handlers.obj
 0001:00048c40       _CallSettingFrame_LookupContinuationIndex 0000000180049c40 f   libvcruntime:handlers.obj
 0001:00048c70       _CallSettingFrame_NotifyContinuationAddr 0000000180049c70 f   libvcruntime:handlers.obj
 0001:00048ca0       _CallSettingFrameEncoded   0000000180049ca0 f   libvcruntime:handlers.obj
 0001:00048ce8       ?get_raw_ptd@__crt_cached_ptd_host@@QEAAPEAU__acrt_ptd@@XZ 0000000180049ce8 f i libucrt:invalid_parameter.obj
 0001:00048d50       ?get_raw_ptd_noexit@__crt_cached_ptd_host@@QEAAPEAU__acrt_ptd@@XZ 0000000180049d50 f i libucrt:invalid_parameter.obj
 0001:00048dbc       ?value@?$dual_state_global@P6AXPEB_W00I_K@Z@__crt_state_management@@QEAAAEAP6AXPEB_W00I_K@ZAEAV__crt_cached_ptd_host@@@Z 0000000180049dbc f i libucrt:invalid_parameter.obj
 0001:00048e08       __acrt_call_reportfault    0000000180049e08 f   libucrt:invalid_parameter.obj
 0001:00048f64       __acrt_initialize_invalid_parameter_handler 0000000180049f64 f   libucrt:invalid_parameter.obj
 0001:00048f6c       _invalid_parameter         0000000180049f6c f   libucrt:invalid_parameter.obj
 0001:00049008       _invalid_parameter_internal 000000018004a008 f   libucrt:invalid_parameter.obj
 0001:000490d4       _invalid_parameter_noinfo  000000018004a0d4 f   libucrt:invalid_parameter.obj
 0001:000490f4       _invalid_parameter_noinfo_noreturn 000000018004a0f4 f   libucrt:invalid_parameter.obj
 0001:00049124       _invoke_watson             000000018004a124 f   libucrt:invalid_parameter.obj
 0001:0004916c       ??0_LocaleUpdate@@QEAA@QEAU__crt_locale_pointers@@@Z 000000018004a16c f i libucrt:tolower_toupper.obj
 0001:00049208       _toupper_l                 000000018004a208 f   libucrt:tolower_toupper.obj
 0001:0004933c       toupper                    000000018004a33c f   libucrt:tolower_toupper.obj
 0001:00049880       _ftelli64_nolock_internal  000000018004a880 f   libucrt:ftell.obj
 0001:00049888       ftell                      000000018004a888 f   libucrt:ftell.obj
 0001:00049920       __acrt_initialize_stdio    000000018004a920 f   libucrt:_file.obj
 0001:00049a40       __acrt_iob_func            000000018004aa40 f   libucrt:_file.obj
 0001:00049a54       __acrt_uninitialize_stdio  000000018004aa54 f   libucrt:_file.obj
 0001:00049ab0       _lock_file                 000000018004aab0 f   libucrt:_file.obj
 0001:00049abc       _unlock_file               000000018004aabc f   libucrt:_file.obj
 0001:00049ce8       __acrt_stdio_flush_nolock  000000018004ace8 f   libucrt:fflush.obj
 0001:00049d74       _fflush_nolock             000000018004ad74 f   libucrt:fflush.obj
 0001:00049e48       _flushall                  000000018004ae48 f   libucrt:fflush.obj
 0001:00049e50       fflush                     000000018004ae50 f   libucrt:fflush.obj
 0001:00049fdc       _fclose_nolock             000000018004afdc f   libucrt:fclose.obj
 0001:0004a074       fclose                     000000018004b074 f   libucrt:fclose.obj
 0001:0004a37c       fseek                      000000018004b37c f   libucrt:fseek.obj
 0001:0004a420       qsort                      000000018004b420 f   libucrt:qsort.obj
 0001:0004a840       strncpy                    000000018004b840 f   libucrt:strncpy.obj
 0001:0004aa64       _fwrite_internal           000000018004ba64 f   libucrt:fwrite.obj
 0001:0004ab00       _fwrite_nolock_internal    000000018004bb00 f   libucrt:fwrite.obj
 0001:0004ad14       fwrite                     000000018004bd14 f   libucrt:fwrite.obj
 0001:0004ae84       _wfopen                    000000018004be84 f   libucrt:fopen.obj
 0001:0004ae90       ??$ensure_buffer_is_big_enough@D@formatting_buffer@__crt_stdio_output@@QEAA_N_KAEAV__crt_cached_ptd_host@@@Z 000000018004be90 f i libucrt:output.obj
 0001:0004af38       ??$parse_integer@KV?$c_string_character_source@D@__crt_strtox@@$0A@@__crt_strtox@@YAKAEAV__crt_cached_ptd_host@@V?$c_string_character_source@D@0@H_N@Z 000000018004bf38 f i libucrt:output.obj
 0001:0004b1ec       ??$type_case_integer@$07@?$output_processor@DV?$string_output_adapter@D@__crt_stdio_output@@V?$standard_base@DV?$string_output_adapter@D@__crt_stdio_output@@@2@@__crt_stdio_output@@AEAA_N_N@Z 000000018004c1ec f i libucrt:output.obj
 0001:0004b3f0       ??$type_case_integer@$09@?$output_processor@DV?$string_output_adapter@D@__crt_stdio_output@@V?$standard_base@DV?$string_output_adapter@D@__crt_stdio_output@@@2@@__crt_stdio_output@@AEAA_N_N@Z 000000018004c3f0 f i libucrt:output.obj
 0001:0004b5f4       ??$type_case_integer@$0BA@@?$output_processor@DV?$string_output_adapter@D@__crt_stdio_output@@V?$standard_base@DV?$string_output_adapter@D@__crt_stdio_output@@@2@@__crt_stdio_output@@AEAA_N_N@Z 000000018004c5f4 f i libucrt:output.obj
 0001:0004b7f8       ??$type_case_integer_parse_into_buffer@I$07@?$output_processor@DV?$string_output_adapter@D@__crt_stdio_output@@V?$standard_base@DV?$string_output_adapter@D@__crt_stdio_output@@@2@@__crt_stdio_output@@AEAAXI_N@Z 000000018004c7f8 f i libucrt:output.obj
 0001:0004b868       ??$type_case_integer_parse_into_buffer@I$09@?$output_processor@DV?$string_output_adapter@D@__crt_stdio_output@@V?$standard_base@DV?$string_output_adapter@D@__crt_stdio_output@@@2@@__crt_stdio_output@@AEAAXI_N@Z 000000018004c868 f i libucrt:output.obj
 0001:0004b914       ??$type_case_integer_parse_into_buffer@I$0BA@@?$output_processor@DV?$string_output_adapter@D@__crt_stdio_output@@V?$standard_base@DV?$string_output_adapter@D@__crt_stdio_output@@@2@@__crt_stdio_output@@AEAAXI_N@Z 000000018004c914 f i libucrt:output.obj
 0001:0004b998       ??$type_case_integer_parse_into_buffer@_K$07@?$output_processor@DV?$string_output_adapter@D@__crt_stdio_output@@V?$standard_base@DV?$string_output_adapter@D@__crt_stdio_output@@@2@@__crt_stdio_output@@AEAAX_K_N@Z 000000018004c998 f i libucrt:output.obj
 0001:0004ba08       ??$type_case_integer_parse_into_buffer@_K$09@?$output_processor@DV?$string_output_adapter@D@__crt_stdio_output@@V?$standard_base@DV?$string_output_adapter@D@__crt_stdio_output@@@2@@__crt_stdio_output@@AEAAX_K_N@Z 000000018004ca08 f i libucrt:output.obj
 0001:0004bab8       ??$type_case_integer_parse_into_buffer@_K$0BA@@?$output_processor@DV?$string_output_adapter@D@__crt_stdio_output@@V?$standard_base@DV?$string_output_adapter@D@__crt_stdio_output@@@2@@__crt_stdio_output@@AEAAX_K_N@Z 000000018004cab8 f i libucrt:output.obj
 0001:0004bb3c       ?crop_zeroes@__crt_stdio_output@@YAXPEADQEAU__crt_locale_pointers@@@Z 000000018004cb3c f i libucrt:output.obj
 0001:0004bba8       ?parse_int_from_format_string@?$output_processor@DV?$string_output_adapter@D@__crt_stdio_output@@V?$standard_base@DV?$string_output_adapter@D@__crt_stdio_output@@@2@@__crt_stdio_output@@AEAA_NQEAH@Z 000000018004cba8 f i libucrt:output.obj
 0001:0004bc38       ?process@?$output_processor@DV?$string_output_adapter@D@__crt_stdio_output@@V?$standard_base@DV?$string_output_adapter@D@__crt_stdio_output@@@2@@__crt_stdio_output@@QEAAHXZ 000000018004cc38 f i libucrt:output.obj
 0001:0004bfb8       ?state_case_size@?$output_processor@DV?$string_output_adapter@D@__crt_stdio_output@@V?$standard_base@DV?$string_output_adapter@D@__crt_stdio_output@@@2@@__crt_stdio_output@@AEAA_NXZ 000000018004cfb8 f i libucrt:output.obj
 0001:0004c140       ?state_case_type@?$output_processor@DV?$string_output_adapter@D@__crt_stdio_output@@V?$standard_base@DV?$string_output_adapter@D@__crt_stdio_output@@@2@@__crt_stdio_output@@AEAA_NXZ 000000018004d140 f i libucrt:output.obj
 0001:0004c544       ?type_case_Z@?$output_processor@DV?$string_output_adapter@D@__crt_stdio_output@@V?$standard_base@DV?$string_output_adapter@D@__crt_stdio_output@@@2@@__crt_stdio_output@@AEAA_NXZ 000000018004d544 f i libucrt:output.obj
 0001:0004c5c0       ?type_case_a@?$output_processor@DV?$string_output_adapter@D@__crt_stdio_output@@V?$standard_base@DV?$string_output_adapter@D@__crt_stdio_output@@@2@@__crt_stdio_output@@AEAA_NXZ 000000018004d5c0 f i libucrt:output.obj
 0001:0004c814       ?type_case_c_tchar@?$output_processor@DV?$string_output_adapter@D@__crt_stdio_output@@V?$standard_base@DV?$string_output_adapter@D@__crt_stdio_output@@@2@@__crt_stdio_output@@AEAA_ND@Z 000000018004d814 f i libucrt:output.obj
 0001:0004c8e8       ?type_case_n@?$output_processor@DV?$string_output_adapter@D@__crt_stdio_output@@V?$standard_base@DV?$string_output_adapter@D@__crt_stdio_output@@@2@@__crt_stdio_output@@AEAA_NXZ 000000018004d8e8 f i libucrt:output.obj
 0001:0004c9a0       ?type_case_s@?$output_processor@DV?$string_output_adapter@D@__crt_stdio_output@@V?$standard_base@DV?$string_output_adapter@D@__crt_stdio_output@@@2@@__crt_stdio_output@@AEAA_NXZ 000000018004d9a0 f i libucrt:output.obj
 0001:0004ca40       ?update_locale_slow@__crt_cached_ptd_host@@AEAAXXZ 000000018004da40 f i libucrt:output.obj
 0001:0004cab8       ?write_string@?$string_output_adapter@D@__crt_stdio_output@@QEBAXQEBDHQEAHAEAV__crt_cached_ptd_host@@@Z 000000018004dab8 f i libucrt:output.obj
 0001:0004cb5c       __stdio_common_vsprintf    000000018004db5c f   libucrt:output.obj
 0001:0004cdb0       free                       000000018004ddb0 f   libucrt:free.obj
 0001:0004cdc4       _fread_nolock_s            000000018004ddc4 f   libucrt:fread.obj
 0001:0004d024       fread                      000000018004e024 f   libucrt:fread.obj
 0001:0004d044       fread_s                    000000018004e044 f   libucrt:fread.obj
 0001:0004d0ec       ??$is_overflow_condition@_K@__crt_strtox@@YA_NI_K@Z 000000018004e0ec f i libucrt:input.obj
 0001:0004d124       ??$parse_floating_point@V?$input_adapter_character_source@V?$string_input_adapter@D@__crt_stdio_input@@@__crt_strtox@@M@__crt_strtox@@YA?AW4SLD_STATUS@@QEAU__crt_locale_pointers@@V?$input_adapter_character_source@V?$string_input_adapter@D@__crt_stdio_input@@@0@QEAM@Z 000000018004e124 f i libucrt:input.obj
 0001:0004d1cc       ??$parse_floating_point@V?$input_adapter_character_source@V?$string_input_adapter@D@__crt_stdio_input@@@__crt_strtox@@N@__crt_strtox@@YA?AW4SLD_STATUS@@QEAU__crt_locale_pointers@@V?$input_adapter_character_source@V?$string_input_adapter@D@__crt_stdio_input@@@0@QEAN@Z 000000018004e1cc f i libucrt:input.obj
 0001:0004d274       ??$parse_floating_point_from_source@V?$input_adapter_character_source@V?$string_input_adapter@D@__crt_stdio_input@@@__crt_strtox@@@__crt_strtox@@YA?AW4floating_point_parse_result@0@QEAU__crt_locale_pointers@@AEAV?$input_adapter_character_source@V?$string_input_adapter@D@__crt_stdio_input@@@0@AEAUfloating_point_string@0@@Z 000000018004e274 f i libucrt:input.obj
 0001:0004da20       ??$parse_floating_point_possible_infinity@DV?$input_adapter_character_source@V?$string_input_adapter@D@__crt_stdio_input@@@__crt_strtox@@_K@__crt_strtox@@YA?AW4floating_point_parse_result@0@AEADAEAV?$input_adapter_character_source@V?$string_input_adapter@D@__crt_stdio_input@@@0@_K@Z 000000018004ea20 f i libucrt:input.obj
 0001:0004dbcc       ??$parse_floating_point_possible_nan@DV?$input_adapter_character_source@V?$string_input_adapter@D@__crt_stdio_input@@@__crt_strtox@@_K@__crt_strtox@@YA?AW4floating_point_parse_result@0@AEADAEAV?$input_adapter_character_source@V?$string_input_adapter@D@__crt_stdio_input@@@0@_K@Z 000000018004ebcc f i libucrt:input.obj
 0001:0004de2c       ??$parse_floating_point_possible_nan_is_ind@DV?$input_adapter_character_source@V?$string_input_adapter@D@__crt_stdio_input@@@__crt_strtox@@@__crt_strtox@@YA_NAEADAEAV?$input_adapter_character_source@V?$string_input_adapter@D@__crt_stdio_input@@@0@@Z 000000018004ee2c f i libucrt:input.obj
 0001:0004dea8       ??$parse_floating_point_possible_nan_is_snan@DV?$input_adapter_character_source@V?$string_input_adapter@D@__crt_stdio_input@@@__crt_strtox@@@__crt_strtox@@YA_NAEADAEAV?$input_adapter_character_source@V?$string_input_adapter@D@__crt_stdio_input@@@0@@Z 000000018004eea8 f i libucrt:input.obj
 0001:0004df24       ??$parse_floating_point_write_result@M@__crt_strtox@@YA?AW4SLD_STATUS@@W4floating_point_parse_result@0@AEBUfloating_point_string@0@QEAM@Z 000000018004ef24 f i libucrt:input.obj
 0001:0004e094       ??$parse_floating_point_write_result@N@__crt_strtox@@YA?AW4SLD_STATUS@@W4floating_point_parse_result@0@AEBUfloating_point_string@0@QEAN@Z 000000018004f094 f i libucrt:input.obj
 0001:0004e274       ??$parse_integer@_KV?$input_adapter_character_source@V?$string_input_adapter@D@__crt_stdio_input@@@__crt_strtox@@$00@__crt_strtox@@YA_KAEAV__crt_cached_ptd_host@@V?$input_adapter_character_source@V?$string_input_adapter@D@__crt_stdio_input@@@0@H_N@Z 000000018004f274 f i libucrt:input.obj
 0001:0004e6b0       ??$parse_integer@_KV?$input_adapter_character_source@V?$string_input_adapter@D@__crt_stdio_input@@@__crt_strtox@@@__crt_strtox@@YA_KQEAU__crt_locale_pointers@@V?$input_adapter_character_source@V?$string_input_adapter@D@__crt_stdio_input@@@0@H_N@Z 000000018004f6b0 f i libucrt:input.obj
 0001:0004e7b0       ??$process_floating_point_specifier_t@M@?$input_processor@DV?$string_input_adapter@D@__crt_stdio_input@@@__crt_stdio_input@@AEAA_NXZ 000000018004f7b0 f i libucrt:input.obj
 0001:0004e858       ??$process_floating_point_specifier_t@N@?$input_processor@DV?$string_input_adapter@D@__crt_stdio_input@@@__crt_stdio_input@@AEAA_NXZ 000000018004f858 f i libucrt:input.obj
 0001:0004e900       ??$process_string_specifier_tchar@D@?$input_processor@DV?$string_input_adapter@D@__crt_stdio_input@@@__crt_stdio_input@@AEAA_NW4conversion_mode@1@D@Z 000000018004f900 f i libucrt:input.obj
 0001:0004eab4       ??$process_string_specifier_tchar@_W@?$input_processor@DV?$string_input_adapter@D@__crt_stdio_input@@@__crt_stdio_input@@AEAA_NW4conversion_mode@1@_W@Z 000000018004fab4 f i libucrt:input.obj
 0001:0004ec94       ??$skip_whitespace@Vstring_input_adapter@__crt_stdio_input@@D@__crt_stdio_input@@YAHAEAV?$string_input_adapter@D@0@QEAU__crt_locale_pointers@@@Z 000000018004fc94 f i libucrt:input.obj
 0001:0004ece8       ??R<lambda_1db4d925c2db10274e92824f631ccf5d>@@QEBA@XZ 000000018004fce8 f i libucrt:input.obj
 0001:0004ece8       ??R<lambda_bdd123a27a08a14f93fbf44b617d0736>@@QEBA@XZ 000000018004fce8 f i libucrt:input.obj
 0001:0004ece8       ??R<lambda_ee7c83d9f0cd4f1299194e0a8d424b67>@@QEBA@XZ 000000018004fce8 f i libucrt:input.obj
 0001:0004ed4c       ?advance@?$format_string_parser@D@__crt_stdio_input@@QEAA_NXZ 000000018004fd4c f i libucrt:input.obj
 0001:0004ef14       ?as_double@floating_point_value@__crt_strtox@@QEBAAEANXZ 000000018004ff14 f i libucrt:input.obj
 0001:0004ef50       ?as_float@floating_point_value@__crt_strtox@@QEBAAEAMXZ 000000018004ff50 f i libucrt:input.obj
 0001:0004ef8c       ?assemble_floating_point_value@__crt_strtox@@YA?AW4SLD_STATUS@@_KH_N1AEBVfloating_point_value@1@@Z 000000018004ff8c f i libucrt:input.obj
 0001:0004f338       ?assemble_floating_point_value_from_big_integer@__crt_strtox@@YA?AW4SLD_STATUS@@AEBUbig_integer@1@I_N1AEBVfloating_point_value@1@@Z 0000000180050338 f i libucrt:input.obj
 0001:0004f498       ?convert_decimal_string_to_floating_type_common@__crt_strtox@@YA?AW4SLD_STATUS@@AEBUfloating_point_string@1@AEBVfloating_point_value@1@@Z 0000000180050498 f i libucrt:input.obj
 0001:00051318       ?convert_hexadecimal_string_to_floating_type_common@__crt_strtox@@YA?AW4SLD_STATUS@@AEBUfloating_point_string@1@AEBVfloating_point_value@1@@Z 0000000180052318 f i libucrt:input.obj
 0001:000513d0       ?divide@__crt_strtox@@YA_KAEAUbig_integer@1@AEBU21@@Z 00000001800523d0 f i libucrt:input.obj
 0001:0005186c       ?length@?$format_string_parser@D@__crt_stdio_input@@QEBA_KXZ 000000018005286c f i libucrt:input.obj
 0001:00051924       ?process@?$input_processor@DV?$string_input_adapter@D@__crt_stdio_input@@@__crt_stdio_input@@QEAAHXZ 0000000180052924 f i libucrt:input.obj
 0001:00051a18       ?process_conversion_specifier@?$input_processor@DV?$string_input_adapter@D@__crt_stdio_input@@@__crt_stdio_input@@AEAA_NXZ 0000000180052a18 f i libucrt:input.obj
 0001:00051b38       ?process_floating_point_specifier@?$input_processor@DV?$string_input_adapter@D@__crt_stdio_input@@@__crt_stdio_input@@AEAA_NXZ 0000000180052b38 f i libucrt:input.obj
 0001:00051ba8       ?process_integer_specifier@?$input_processor@DV?$string_input_adapter@D@__crt_stdio_input@@@__crt_stdio_input@@AEAA_NI_N@Z 0000000180052ba8 f i libucrt:input.obj
 0001:00051c60       ?process_literal_character_tchar@?$input_processor@DV?$string_input_adapter@D@__crt_stdio_input@@@__crt_stdio_input@@AEAA_ND@Z 0000000180052c60 f i libucrt:input.obj
 0001:00051ce8       ?process_state@?$input_processor@DV?$string_input_adapter@D@__crt_stdio_input@@@__crt_stdio_input@@AEAA_NXZ 0000000180052ce8 f i libucrt:input.obj
 0001:00051da0       ?process_string_specifier@?$input_processor@DV?$string_input_adapter@D@__crt_stdio_input@@@__crt_stdio_input@@AEAA_NW4conversion_mode@2@@Z 0000000180052da0 f i libucrt:input.obj
 0001:00051e2c       ?scan_conversion_specifier@?$format_string_parser@D@__crt_stdio_input@@AEAA_NXZ 0000000180052e2c f i libucrt:input.obj
 0001:00051ff4       ?scan_optional_field_width@?$format_string_parser@D@__crt_stdio_input@@AEAA_NXZ 0000000180052ff4 f i libucrt:input.obj
 0001:00052094       ?scan_optional_length_modifier@?$format_string_parser@D@__crt_stdio_input@@AEAAXXZ 0000000180053094 f i libucrt:input.obj
[...]
 0002:0001b258       $unwind$?__acrt_stdio_allocate_stream@@YA?AV__crt_stdio_stream@@XZ 0000000180085258     libucrt:stream.obj
 0002:0001b278       $unwind$?find_or_allocate_unused_stream_nolock@@YA?AV__crt_stdio_stream@@XZ 0000000180085278     libucrt:stream.obj
 0002:0001b28c       $unwind$??$write_buffer_nolock@D@@YA_NDV__crt_stdio_stream@@AEAV__crt_cached_ptd_host@@@Z 000000018008528c     libucrt:_flsbuf.obj
 0002:0001b2a0       $unwind$__acrt_stdio_end_temporary_buffering_nolock 00000001800852a0     libucrt:_sftbuf.obj
 0002:0001b2a8       $unwind$_openfile          00000001800852a8     libucrt:openfile.obj
 0002:0001b2a8       $unwind$_wopenfile         00000001800852a8     libucrt:openfile.obj
 0002:0001b2bc       $unwind$__acrt_fp_format   00000001800852bc     libucrt:cvt.obj
 0002:0001b2cc       $unwind$?fp_format_e_internal@@YAHQEAD_KH_NIQEAU_strflt@@2AEAV__crt_cached_ptd_host@@@Z 00000001800852cc     libucrt:cvt.obj
 0002:0001b2e8       $unwind$?fp_format_e@@YAHQEBNQEAD_K12H_NIW4__acrt_rounding_mode@@AEAV__crt_cached_ptd_host@@@Z 00000001800852e8     libucrt:cvt.obj
 0002:0001b300       $unwind$?fp_format_a@@YAHQEBNPEAD_KQEAD2H_NIW4__acrt_rounding_mode@@AEAV__crt_cached_ptd_host@@@Z 0000000180085300     libucrt:cvt.obj
 0002:0001b31c       $unwind$?fp_format_g@@YAHQEBNQEAD_K12H_NIW4__acrt_rounding_mode@@AEAV__crt_cached_ptd_host@@@Z 000000018008531c     libucrt:cvt.obj
 0002:0001b334       $unwind$_wctomb_internal   0000000180085334     libucrt:wctomb.obj
 0002:0001b348       $unwind$_isctype_l         0000000180085348     libucrt:isctype.obj
 0002:0001b364       $unwind$??$common_expand_argv_wildcards@D@@YAHQEAPEADQEAPEAPEAD@Z 0000000180085364     libucrt:argv_wildcards.obj
 0002:0001b37c       $unwind$__dcrt_get_narrow_environment_from_os 000000018008537c     libucrt:get_environment_from_os.obj
 0002:0001b37c       $unwind$??$__acrt_convert_wcs_mbs_cp@_WDV<lambda_d8593a27d1aa8c02be35c86a17d324c4>@@U__crt_win32_buffer_internal_dynamic_resizing@@@@YAHQEB_WAEAV?$__crt_win32_buffer@DU__crt_win32_buffer_internal_dynamic_resizing@@@@AEBV<lambda_d8593a27d1aa8c02be35c86a17d324c4>@@I@Z 000000018008537c     libucrt:argv_wildcards.obj
 0002:0001b394       $unwind$??$expand_argument_wildcards@D@@YAHQEAD0AEAV?$argument_list@D@?A0x5f5c8891@@@Z 0000000180085394     libucrt:argv_wildcards.obj
 0002:0001b3b4       $unwind$__acrt_GetModuleFileNameA 00000001800853b4     libucrt:getmodulefilenamea.obj
 0002:0001b3d0       $unwind$__dcrt_write_console 00000001800853d0     libucrt:initcon.obj
 0002:0001b3d0       $unwind$??$__acrt_convert_wcs_mbs_cp@_WDV<lambda_f788ae46380686e8b737efdd8c720d07>@@U__crt_win32_buffer_no_resizing@@@@YAHQEB_WAEAV?$__crt_win32_buffer@DU__crt_win32_buffer_no_resizing@@@@AEBV<lambda_f788ae46380686e8b737efdd8c720d07>@@I@Z 00000001800853d0     libucrt:getmodulefilenamea.obj
 0002:0001b3e4       $unwind$_setmbcp_nolock    00000001800853e4     libucrt:mbctype.obj
 0002:0001b404       $unwind$?update_thread_multibyte_data_internal@@YAPEAU__crt_multibyte_data@@QEAU__acrt_ptd@@QEAPEAU1@@Z 0000000180085404     libucrt:mbctype.obj
 0002:0001b42c       $unwind$?setmbcp_internal@@YAHH_NQEAU__acrt_ptd@@QEAPEAU__crt_multibyte_data@@@Z 000000018008542c     libucrt:mbctype.obj
 0002:0001b444       $unwind$?setSBUpLow@@YAXPEAU__crt_multibyte_data@@@Z 0000000180085444     libucrt:mbctype.obj
 0002:0001b460       $unwind$??$?RV<lambda_efdfa57d1f175319df784efa44bb7b81>@@AEAV<lambda_5f0a4c1567f8adc6734073e5d1e1b35c>@@V<lambda_2e8a7d3640ea6ccb4c2413664c2db6fd>@@@?$__crt_seh_guarded_call@X@@QEAAX$$QEAV<lambda_efdfa57d1f175319df784efa44bb7b81>@@AEAV<lambda_5f0a4c1567f8adc6734073e5d1e1b35c>@@$$QEAV<lambda_2e8a7d3640ea6ccb4c2413664c2db6fd>@@@Z 0000000180085460     libucrt:mbctype.obj
 0002:0001b484       $unwind$__acrt_WideCharToMultiByte 0000000180085484     libucrt:widechartomultibyte.obj
 0002:0001b490       $unwind$raise              0000000180085490     libucrt:signal.obj
 0002:0001b4d0       $unwind$??$?RV<lambda_450d765d439847d4c735a33c368b5fc0>@@AEAV<lambda_44731a7d0e6d81c3e6aa82d741081786>@@V<lambda_601a2a7da3b7a96e9554ac7215c4b07c>@@@?$__crt_seh_guarded_call@P6AXH@Z@@QEAAP6AXH@Z$$QEAV<lambda_450d765d439847d4c735a33c368b5fc0>@@AEAV<lambda_44731a7d0e6d81c3e6aa82d741081786>@@$$QEAV<lambda_601a2a7da3b7a96e9554ac7215c4b07c>@@@Z 00000001800854d0     libucrt:signal.obj
 0002:0001b4f4       $unwind$__acrt_update_thread_locale_data 00000001800854f4     libucrt:locale_refcounting.obj
 0002:0001b518       $unwind$__acrt_locale_free_monetary 0000000180085518     libucrt:initmon.obj
 0002:0001b520       $unwind$__acrt_locale_free_time 0000000180085520     libucrt:inittime.obj
 0002:0001b530       $unwind$__acrt_GetStringTypeA 0000000180085530     libucrt:getstringtypea.obj
 0002:0001b558       $unwind$_alloc_osfhnd      0000000180085558     libucrt:osfinfo.obj
 0002:0001b588       $unwind$__acrt_lowio_destroy_handle_array 0000000180085588     libucrt:osfinfo.obj
 0002:0001b598       $unwind$__acrt_lowio_ensure_fh_exists 0000000180085598     libucrt:osfinfo.obj
 0002:0001b5c4       $unwind$?__mbsrtowcs_utf8@__crt_mbstring@@YA_KPEA_WPEAPEBD_KPEAU_Mbstatet@@AEAV__crt_cached_ptd_host@@@Z 00000001800855c4     libucrt:mbrtowc.obj
 0002:0001b5dc       $unwind$_wcsnicmp_l        00000001800855dc     libucrt:wcsnicmp.obj
 0002:0001b5f8       $unwind$_sopen_nolock      00000001800855f8     libucrt:open.obj
 0002:0001b614       $unwind$_wsopen_nolock     0000000180085614     libucrt:open.obj
 0002:0001b634       $unwind$??$common_sopen_dispatch@D@@YAHQEBDHHHQEAHH@Z 0000000180085634     libucrt:open.obj
 0002:0001b658       $unwind$??$common_sopen_dispatch@_W@@YAHQEB_WHHHQEAHH@Z 0000000180085658     libucrt:open.obj
 0002:0001b67c       $unwind$?decode_options@@YA?AUfile_options@?A0xa9d50aae@@HHH@Z 000000018008567c     libucrt:open.obj
 0002:0001b690       $unwind$?configure_text_mode@@YAHHUfile_options@?A0xa9d50aae@@HAEAW4__crt_lowio_text_mode@@@Z 0000000180085690     libucrt:open.obj
 0002:0001b6a8       $unwind$__acrt_fltout      00000001800856a8     libucrt:cfout.obj
 0002:0001b6c8       $unwind$__acrt_fenv_get_control 00000001800856c8     libucrt:_fenvutils.obj
 0002:0001b6d0       $unwind$__acrt_fenv_set_control 00000001800856d0     libucrt:_fenvutils.obj
 0002:0001b6e0       $unwind$strpbrk            00000001800856e0     libucrt:strpbrk.obj
 0002:0001b6f0       $unwind$_mbsdec_l          00000001800856f0     libucrt:mbsdec.obj
 0002:0001b6fc       $unwind$?__mbrtoc32_utf8@__crt_mbstring@@YA_KPEA_UPEBD_KPEAU_Mbstatet@@AEAV__crt_cached_ptd_host@@@Z 00000001800856fc     libucrt:mbrtoc32.obj
 0002:0001b718       $unwind$_towlower_l        0000000180085718     libucrt:towlower.obj
 0002:0001b720       $unwind$_setmode_nolock    0000000180085720     libucrt:setmode.obj
 0002:0001b730       $xdatasym                  0000000180085730     libucrt:log10.obj
 0002:0001b73c       $unwind$common_control87   000000018008573c     libucrt:ieee.obj
 0002:0001b768       $unwind$_call_matherr      0000000180085768     libucrt:libm_error.obj
 0002:0001b770       $unwind$_handle_error      0000000180085770     libucrt:libm_error.obj
 0002:0001b770       $unwind$_handle_errorf     0000000180085770     libucrt:libm_error.obj
 0002:0001b790       $unwind$__acrt_initialize_fma3 0000000180085790     libucrt:fma3_available.obj
 0002:0001b798       $unwind$_log_special_common 0000000180085798     libucrt:log_special.obj
 0002:0001b7a8       $xdatasym                  00000001800857a8     libucrt:fpsr.obj
 0002:0001b7b0       $unwind$_raise_exc_ex      00000001800857b0     libucrt:fpexcept.obj
 0002:0001b7c4       $unwind$_ctrlfp            00000001800857c4     libucrt:fpctrl.obj
 0002:0001b7ec       $unwind$_IsNonwritableInCurrentImage 00000001800857ec     LIBCMT:pesect.obj
 0002:0001b810       $xdatasym                  0000000180085810     LIBCMT:chkstk.obj
 0002:0001b818       $unwind$atan2f             0000000180085818     libucrt:atan2f.obj
 0002:0001b838       $xdatasym                  0000000180085838     libucrt:cosf.obj
 0002:0001b840       $unwind$fmodf              0000000180085840     libucrt:fmodf.obj
 0002:0001b840       $unwind$sqrt               0000000180085840     libucrt:sqrt.obj
 0002:0001b840       $unwind$sqrtf              0000000180085840     libucrt:sqrtf.obj
 0002:0001b848       $xdatasym                  0000000180085848     libucrt:pow.obj
 0002:0001b858       $xdatasym                  0000000180085858     libucrt:powf.obj
 0002:0001b868       $xdatasym                  0000000180085868     libucrt:sinf.obj
 0002:0001b870       $xdatasym                  0000000180085870     libucrt:strcmp.obj
 0002:0001b878       $xdatasym                  0000000180085878     libucrt:remainder_piby2f_forasm.obj
 0002:0001b880       $xdatasym                  0000000180085880     libucrt:remainder_piby2_forfma3.obj
 0002:0001b88c       $unwind$_sincosf_special   000000018008588c     libucrt:sincos_special.obj
 0002:0001b894       $unwind$_powf_special      0000000180085894     libucrt:pow_special.obj
 0002:0001b8a0       $unwind$_pow_special       00000001800858a0     libucrt:pow_special.obj
 0002:0001b8b0       $xdatasym                  00000001800858b0     libucrt:remainder_piby2f_forc.obj
 0002:0001c020       .idata$6                   0000000180086020     kernel32:KERNEL32.dll
 0002:0001c1a8       .idata$6                   00000001800861a8     user32:USER32.dll
 0002:0001c1f2       .idata$6                   00000001800861f2     imm32:IMM32.dll
 0002:0001c20a       .idata$6                   000000018008620a     d3dcompiler:D3DCOMPILER_47.dll
 0003:000000b0       ?__vcrt_flsindex@@3KA      00000001800870b0     libvcruntime:per_thread_data.obj
 0003:000001d4       ?__acrt_flsindex@@3KA      00000001800871d4     libucrt:per_thread_data.obj
 0003:0000034c       ?errno_no_memory@@3HA      000000018008734c     libucrt:errno.obj
 0003:00000350       ?doserrno_no_memory@@3KA   0000000180087350     libucrt:errno.obj
 0003:000006e0       _mbctypes                  00000001800876e0     libucrt:mbctype.obj
 0003:000007f0       _mbcasemaps                00000001800877f0     libucrt:mbctype.obj
 0003:000008f0       ?__rgctypeflag@@3PADA      00000001800878f0     libucrt:mbctype.obj
 0003:00000900       ?__rgcode_page_info@@3PAUcode_page_info@@A 0000000180087900     libucrt:mbctype.obj
 0003:00000a98       ?__dcrt_lowio_console_output_handle@@3PEAXEA 0000000180087a98     libucrt:initcon.obj
 0003:00000aa0       ?dazSupported@?1??common_control87@@9@9 0000000180087aa0     libucrt:ieee.obj
 0003:00000ab0       ?dazSupported@?1??_ctrlfp@@9@9 0000000180087ab0     libucrt:fpctrl.obj
 0003:00042ae4       ?g_IndexBufferSize@@3HA    00000001800c9ae4     imgui_impl_dx11.obj
 0003:00042ae8       ?g_VertexBufferSize@@3HA   00000001800c9ae8     imgui_impl_dx11.obj
 0003:00042aec       ?g_LastMouseCursor@@3HA    00000001800c9aec     imgui_impl_win32.obj
 0003:00042af0       ?resize_grip_def@@3QBUImGuiResizeGripDef@@B 00000001800c9af0     imgui.obj
 0003:00042c30       ?resize_border_def@?6??RenderWindowOuterBorders@ImGui@@YAXPEAUImGuiWindow@@@Z@4QBUImGuiResizeBorderDef@?6??12@YAX0@Z@B 00000001800c9c30     imgui.obj
 0003:00042de0       s_pRegions                 00000001800c9de0     detours:detours.obj
 0003:00042de8       s_pRegion                  00000001800c9de8     detours:detours.obj
 0003:00042df0       s_fIgnoreTooSmall          00000001800c9df0     detours:detours.obj
 0003:00042df4       s_fRetainRegions           00000001800c9df4     detours:detours.obj
 0003:00042df8       s_nPendingThreadId         00000001800c9df8     detours:detours.obj
 0003:00042dfc       s_nPendingError            00000001800c9dfc     detours:detours.obj
 0003:00042e00       s_ppPendingError           00000001800c9e00     detours:detours.obj
 0003:00042e08       s_pPendingThreads          00000001800c9e08     detours:detours.obj
 0003:00042e10       s_pPendingOperations       00000001800c9e10     detours:detours.obj
 0003:00042e18       ?freq_cached@?1??_Query_perf_frequency@@9@4U?$atomic@_J@std@@A 00000001800c9e18     libcpmt:xtime.obj
 0003:00042e20       ?__KERNEL32Function_GetCurrentPackageId@?A0x995b63b9@@3P6AJPEAIPEAE@ZEA 00000001800c9e20     libcpmt:winapisupp.obj
 0003:00042e28       ?__KERNEL32Function_GetSystemTimePreciseAsFileTime@?A0x995b63b9@@3P6AXPEAU_FILETIME@@@ZEA 00000001800c9e28     libcpmt:winapisupp.obj
 0003:00042e30       ?__KERNEL32Function_GetTempPath2W@?A0x995b63b9@@3P6AKKPEA_W@ZEA 00000001800c9e30     libcpmt:winapisupp.obj
 0003:00042e48       ?is_initialized_as_dll@@3_NA 00000001800c9e48     LIBCMT:utility.obj
 0003:00042e49       ?module_local_atexit_table_initialized@@3_NA 00000001800c9e49     LIBCMT:utility.obj
 0003:00042e50       ?module_local_atexit_table@@3U_onexit_table_t@@A 00000001800c9e50     LIBCMT:utility.obj
 0003:00042e68       ?module_local_at_quick_exit_table@@3U_onexit_table_t@@A 00000001800c9e68     LIBCMT:utility.obj
 0003:00042e80       ?g_tss_cv@@3U_RTL_CONDITION_VARIABLE@@A 00000001800c9e80     LIBCMT:thread_safe_statics.obj
 0003:00042e88       ?g_tss_srw@@3U_RTL_SRWLOCK@@A 00000001800c9e88     LIBCMT:thread_safe_statics.obj
 0003:00042e90       GS_ExceptionRecord         00000001800c9e90     LIBCMT:gs_report.obj
 0003:00042f30       GS_ContextRecord           00000001800c9f30     LIBCMT:gs_report.obj
 0003:00043400       ?__proc_attached@@3HA      00000001800ca400     LIBCMT:dll_dllmain.obj
 0003:00043440       ?__vcrt_startup_thread_ptd@@3U__vcrt_ptd@@A 00000001800ca440     libvcruntime:per_thread_data.obj
 0003:000434c0       __vcrt_lock_table          00000001800ca4c0     libvcruntime:locks.obj
 0003:000434e8       __vcrt_locks_initialized   00000001800ca4e8     libvcruntime:locks.obj
 0003:00043530       ?heap@@3V_HeapManager@@A   00000001800ca530     libvcruntime:undname.obj
 0003:00043558       ?module_handles@@3PAPEAUHINSTANCE__@@A 00000001800ca558     libvcruntime:winapi_downlevel.obj
 0003:00043570       ?function_pointers@@3PAPEAXA 00000001800ca570     libvcruntime:winapi_downlevel.obj
 0003:000435a0       ?__acrt_invalid_parameter_handler@@3V?$dual_state_global@P6AXPEB_W00I_K@Z@__crt_state_management@@A 00000001800ca5a0     libucrt:invalid_parameter.obj
 0003:000435c0       ?__acrt_new_handler@@3V?$dual_state_global@P6AH_K@Z@__crt_state_management@@A 00000001800ca5c0     libucrt:new_handler.obj
 0003:000435c8       ?c_termination_complete@@3JA 00000001800ca5c8     libucrt:exit.obj
 0003:000435d0       ?thread_local_exit_callback_func@@3P6AXPEAXK0@ZEA 00000001800ca5d0     libucrt:exit.obj
 0003:000435d8       ?c_exit_complete@?1???R<lambda_6e4b09c48022b2350581041d5f6b0c4c>@@QEBA@XZ@4_NA 00000001800ca5d8     libucrt:exit.obj
 0003:000435e0       ?program_name@?1???$common_configure_argv@D@@YAHW4_crt_argv_mode@@@Z@4PADA 00000001800ca5e0     libucrt:argv_parsing.obj
 0003:00043b60       ?module_handles@@3PAPEAUHINSTANCE__@@A 00000001800cab60     libucrt:winapi_thunks.obj
 0003:00043c10       ?encoded_function_pointers@@3PAPEAXA 00000001800cac10     libucrt:winapi_thunks.obj
 0003:00043d10       ?__acrt_lock_table@@3PAU_RTL_CRITICAL_SECTION@@A 00000001800cad10     libucrt:locks.obj
 0003:00043f40       ?__acrt_locks_initialized@@3IA 00000001800caf40     libucrt:locks.obj
 0003:00043f58       ?internal_state@?1??_mbtowc_internal@@9@4U_Mbstatet@@A 00000001800caf58     libucrt:mbtowc.obj
 0003:00043f60       ?enable_percent_n@@3_KA    00000001800caf60     libucrt:printf_count_output.obj
 0003:00043f80       ?fSystemSet@@3HA           00000001800caf80     libucrt:mbctype.obj
 0003:00043f84       ?initialized@?1??__acrt_initialize_multibyte@@9@4_NA 00000001800caf84     libucrt:mbctype.obj
 0003:00043fc0       ?ctrlc_action@@3V?$dual_state_global@P6AXH@Z@__crt_state_management@@A 00000001800cafc0     libucrt:signal.obj
 0003:00043fc8       ?ctrlbreak_action@@3V?$dual_state_global@P6AXH@Z@__crt_state_management@@A 00000001800cafc8     libucrt:signal.obj
 0003:00043fd0       ?abort_action@@3V?$dual_state_global@P6AXH@Z@__crt_state_management@@A 00000001800cafd0     libucrt:signal.obj
 0003:00043fd8       ?term_action@@3V?$dual_state_global@P6AXH@Z@__crt_state_management@@A 00000001800cafd8     libucrt:signal.obj
 0003:00043fe0       ?user_matherr@@3V?$dual_state_global@P6AHPEAU_exception@@@Z@__crt_state_management@@A 00000001800cafe0     libucrt:matherr.obj
 0003:00043ff0       ?__acrt_global_new_mode@@3V?$dual_state_global@J@__crt_state_management@@A 00000001800caff0     libucrt:new_mode.obj
 0003:00043ff8       ?__acrt_app_type@@3W4_crt_app_type@@A 00000001800caff8     libucrt:report_runtime_error.obj
 0003:00044000       ?internal_pst@?1??__mbrtoc32_utf8@__crt_mbstring@@YA_KPEA_UPEBD_KPEAU_Mbstatet@@AEAV__crt_cached_ptd_host@@@Z@4U3@A 00000001800cb000     libucrt:mbrtoc32.obj
 0003:00044030       ?GImAllocatorUserData@@3PEAXEA 00000001800cb030     imgui.obj
 0003:00044040       ?stb__barrier_in_b@@3PEBEEB 00000001800cb040     imgui_draw.obj
 0003:00044048       ?stb__barrier_out_e@@3PEAEEA 00000001800cb048     imgui_draw.obj
 0003:00044050       ?stb__barrier_out_b@@3PEAEEA 00000001800cb050     imgui_draw.obj
 0003:00044058       ?stb__dout@@3PEAEEA        00000001800cb058     imgui_draw.obj
 0003:00044060       ?g_pRasterizerState@@3PEAUID3D11RasterizerState@@EA 00000001800cb060     imgui_impl_dx11.obj
 0003:00044068       ?g_pDepthStencilState@@3PEAUID3D11DepthStencilState@@EA 00000001800cb068     imgui_impl_dx11.obj
 0003:00044070       ?g_pPixelShader@@3PEAUID3D11PixelShader@@EA 00000001800cb070     imgui_impl_dx11.obj
 0003:00044078       ?g_pBlendState@@3PEAUID3D11BlendState@@EA 00000001800cb078     imgui_impl_dx11.obj
 0003:00044080       ?g_pVertexShader@@3PEAUID3D11VertexShader@@EA 00000001800cb080     imgui_impl_dx11.obj
 0003:00044088       ?g_pVertexConstantBuffer@@3PEAUID3D11Buffer@@EA 00000001800cb088     imgui_impl_dx11.obj
 0003:00044090       ?g_pInputLayout@@3PEAUID3D11InputLayout@@EA 00000001800cb090     imgui_impl_dx11.obj
 0003:00044098       ?g_pPixelShaderBlob@@3PEAUID3D10Blob@@EA 00000001800cb098     imgui_impl_dx11.obj
 0003:000440a0       ?g_pVertexShaderBlob@@3PEAUID3D10Blob@@EA 00000001800cb0a0     imgui_impl_dx11.obj
 0003:000440a8       ?g_pIB@@3PEAUID3D11Buffer@@EA 00000001800cb0a8     imgui_impl_dx11.obj
 0003:000440b0       ?g_pd3dDevice@@3PEAUID3D11Device@@EA 00000001800cb0b0     imgui_impl_dx11.obj
 0003:000440b8       ?g_pFontSampler@@3PEAUID3D11SamplerState@@EA 00000001800cb0b8     imgui_impl_dx11.obj
 0003:000440c0       ?g_pVB@@3PEAUID3D11Buffer@@EA 00000001800cb0c0     imgui_impl_dx11.obj
 0003:000440c8       ?g_pd3dDeviceContext@@3PEAUID3D11DeviceContext@@EA 00000001800cb0c8     imgui_impl_dx11.obj
 0003:000440d0       ?g_pFontTextureView@@3PEAUID3D11ShaderResourceView@@EA 00000001800cb0d0     imgui_impl_dx11.obj
 0003:000440d8       ?g_hWnd@@3PEAUHWND__@@EA   00000001800cb0d8     imgui_impl_win32.obj
 0003:000440e0       ?g_Time@@3_JA              00000001800cb0e0     imgui_impl_win32.obj
 0003:000440e8       ?g_TicksPerSecond@@3_JA    00000001800cb0e8     imgui_impl_win32.obj
 0003:00044368       ?LastTimePoint@?1??TriggerBot@@YAXXZ@4V?$time_point@Usteady_clock@chrono@std@@V?$duration@_JU?$ratio@$00$0DLJKMKAA@@std@@@23@@chrono@std@@A 00000001800cb368     TriggerBot.obj
 0003:00044370       ?$TSS0@?1??TriggerBot@@YAXXZ@4HA 00000001800cb370     TriggerBot.obj
 0003:00044388       ?$TSS0@?1??GetClipboardTextFn_DefaultImpl@@YAPEBDPEAX@Z@4HA 00000001800cb388     imgui.obj
 0003:00044390       ?buf_local@?1??GetClipboardTextFn_DefaultImpl@@YAPEBDPEAX@Z@4U?$ImVector@D@@A 00000001800cb390     imgui.obj
 0005:00000060       $R000000                   00000001800d1060     * linker generated manifest res *

 Exports

  ordinal    name

